
Discarded input sections

 .reloc         0x00000000        0x0 dll stuff

Memory Configuration

Name             Origin             Length             Attributes
*default*        0x00000000         0xffffffff

Linker script and memory map

                0x00400000                        __image_base__ = 0x400000
                0x00000000                        __dll__ = 0x0
                0x00400000                        ___ImageBase = 0x400000
                0x00001000                        __section_alignment__ = 0x1000
                0x00000200                        __file_alignment__ = 0x200
                0x00000004                        __major_os_version__ = 0x4
                0x00000000                        __minor_os_version__ = 0x0
                0x00000001                        __major_image_version__ = 0x1
                0x00000000                        __minor_image_version__ = 0x0
                0x00000004                        __major_subsystem_version__ = 0x4
                0x00000000                        __minor_subsystem_version__ = 0x0
                0x00000003                        __subsystem__ = 0x3
                0x00200000                        __size_of_stack_reserve__ = 0x200000
                0x00001000                        __size_of_stack_commit__ = 0x1000
                0x00100000                        __size_of_heap_reserve__ = 0x100000
                0x00001000                        __size_of_heap_commit__ = 0x1000
                0x00000000                        __loader_flags__ = 0x0
                0x00000140                        __dll_characteristics__ = 0x140
                0x00010000                        . = 0x10000

.text           0x00010000     0x2c00
                0x00010000        0x4 LONG 0x10097 _kmain
                0x00010004                        __code_start = .
 *(.text)
 .text          0x00010004      0x1c4 ../obj/ckernel.o
                0x00010004                check_ahci
                0x00010097                kmain
                0x00010147                test_task
 .text          0x000101c8      0x168 ../obj/paging.o
                0x000101c8                page_init
                0x0001022f                page_alloc
                0x00010275                page_free
                0x000102a0                paging_init
 .text          0x00010330       0x2d ../obj/flush.o
                0x00010330                gdt_flush
                0x0001034d                idt_flush
                0x00010355                tss_flush
 *fill*         0x0001035d        0x3 
 .text          0x00010360      0x540 ../obj/idt.o
                0x00010360                idt_set_gate
                0x0001039e                idt_init
 .text          0x000108a0      0x12e ../obj/isr.o
                0x000108a0                isr0
                0x000108aa                isr1
                0x000108b4                isr2
                0x000108be                isr3
                0x000108c8                isr4
                0x000108d2                isr5
                0x000108dc                isr6
                0x000108e6                isr7
                0x000108f0                isr8
                0x000108f8                isr9
                0x00010902                isr10
                0x0001090a                isr11
                0x00010912                isr12
                0x0001091a                isr13
                0x00010922                isr14
                0x00010927                isr15
                0x0001092e                isr16
                0x00010935                isr17
                0x0001093c                isr18
                0x00010943                isr19
                0x0001094a                isr20
                0x00010951                isr21
                0x00010958                isr22
                0x0001095f                isr23
                0x00010966                isr24
                0x0001096d                isr25
                0x00010974                isr26
                0x0001097b                isr27
                0x00010982                isr28
                0x00010989                isr29
                0x00010990                isr30
                0x00010995                isr31
                0x0001099c                isr128
 *fill*         0x000109ce        0x2 
 .text          0x000109d0       0xd4 ../obj/irqc.o
                0x000109d0                irq_remap
                0x00010a0f                irq_handler
                0x00010a4e                irq_init
 *fill*         0x00010aa4        0xc 
 .text          0x00010ab0       0x36 ../obj/irq.o
                0x00010ab0                irq0
                0x00010ab7                irq1
 *fill*         0x00010ae6        0x2 
 .text          0x00010ae8       0x54 ../obj/isrc.o
                0x00010ae8                isr_init
                0x00010ae9                isr_handler
 .text          0x00010b3c      0x1c0 ../obj/gdt.o
                0x00010b3c                gdt_init
                0x00010cf0                tss_set_kernel_stack
 .text          0x00010cfc       0x54 ../obj/syscall.o
                0x00010d2f                syscall_init
                0x00010d30                syscall_dispatch
 .text          0x00010d50       0x30 ../obj/timer.o
                0x00010d50                timer_tick
 .text          0x00010d80       0x1d ../obj/usermode.o
                0x00010d80                enter_usermode
 *fill*         0x00010d9d        0x3 
 .text          0x00010da0       0x24 ../obj/usermodec.o
                0x00010da0                start_shell_from_initrd
                0x00010da1                user_mode_main
 .text          0x00010dc4      0x1ec ../obj/task.o
                0x00010df9                tasking_is_enabled
                0x00010dff                tasking_init
                0x00010e4c                task_create
                0x00010edc                schedule
 .text          0x00010fb0      0x5a4 ../obj/iso9660.o
                0x00010fb0                iso_init
                0x00010fc4                iso_mount
                0x0001108f                iso_find_file
                0x00011393                file_open
                0x000113e5                file_read
                0x000114e3                file_getch
                0x00011516                file_seek
                0x0001153c                file_close
 .text          0x00011554      0x484 ../obj/video.o
                0x00011554                settextcolor
                0x0001156c                move_cursor_right
                0x0001158e                move_cursor_left
                0x000115c1                update_cursor
                0x00011602                k_clear_screen
                0x00011645                move_cursor_home
                0x00011652                move_cursor_end
                0x0001165f                set_cursor
                0x00011677                scroll
                0x000116eb                putch
                0x0001180e                puts
                0x00011837                kprintf
                0x0001187a                printformat
                0x000119a1                save_cursor
                0x000119bc                restore_cursor
 .text          0x000119d8      0x2ec ../obj/util.o
                0x000119d8                fetchESP
                0x000119db                fetchEBP
                0x000119de                fetchSS
                0x000119e1                fetchCS
                0x000119e4                fetchDS
                0x000119e7                panic_assert
                0x00011a59                k_memshow
                0x00011a8e                reboot
                0x00011abd                kitoa
                0x00011b5e                ki2hex
                0x00011bb7                float2string
 .text          0x00011cc4      0x5e8 ../obj/atapi.o
                0x00011ee6                atapi_read_sector
                0x0001202a                atapi_read_sectors
                0x00012074                check_atapi
                0x000121a0                cd_test_iso9660
 .text          0x000122ac      0x5cc ../obj/ahci.o
                0x000122ac                ahci_find_controller
                0x0001238b                ahci_port_init
                0x00012421                ahci_probe_ports
                0x00012511                sata_read_sectors
                0x00012732                sata_test_iso9660
                0x00012826                ahci_init
 .text          0x00012878      0x290 ../obj/kheap.o
                0x0001289e                kmemcpy
                0x000128ca                kmemset
                0x000128ec                kmemsetw
                0x00012910                kstrlen
                0x0001292e                kstrncmp
                0x0001297c                kstrcmp
                0x000129ae                kstrcat
                0x000129e7                kheap_init
                0x00012a06                kmalloc
                0x00012a4b                kfree
                0x00012a8d                krealloc

.rodata         0x00012b08      0xa00
                0x00012b08                        __rodata_start = .
 *(.rodata)
 *(.rdata)
 .rdata         0x00012b08       0x98 ../obj/ckernel.o
 .rdata         0x00012ba0       0x1c ../obj/usermodec.o
 .rdata         0x00012bbc       0x84 ../obj/video.o
 .rdata         0x00012c40       0x44 ../obj/util.o
 .rdata         0x00012c84      0x418 ../obj/atapi.o
 .rdata         0x0001309c      0x284 ../obj/ahci.o

.rdata          0x00014000      0x400
 .rdata$zzz     0x00014000       0x2c ../obj/ckernel.o
 .rdata$zzz     0x0001402c       0x2c ../obj/paging.o
 .rdata$zzz     0x00014058       0x2c ../obj/idt.o
 .rdata$zzz     0x00014084       0x2c ../obj/irqc.o
 .rdata$zzz     0x000140b0       0x2c ../obj/isrc.o
 .rdata$zzz     0x000140dc       0x2c ../obj/gdt.o
 .rdata$zzz     0x00014108       0x2c ../obj/syscall.o
 .rdata$zzz     0x00014134       0x2c ../obj/timer.o
 .rdata$zzz     0x00014160       0x2c ../obj/usermodec.o
 .rdata$zzz     0x0001418c       0x2c ../obj/task.o
 .rdata$zzz     0x000141b8       0x2c ../obj/iso9660.o
 .rdata$zzz     0x000141e4       0x2c ../obj/video.o
 .rdata$zzz     0x00014210       0x2c ../obj/util.o
 .rdata$zzz     0x0001423c       0x2c ../obj/atapi.o
 .rdata$zzz     0x00014268       0x2c ../obj/ahci.o
 .rdata$zzz     0x00014294       0x2c ../obj/kheap.o

.eh_frame       0x00015000      0xe00
 .eh_frame      0x00015000       0x78 ../obj/ckernel.o
 .eh_frame      0x00015078       0xb8 ../obj/paging.o
 .eh_frame      0x00015130       0x58 ../obj/idt.o
 .eh_frame      0x00015188       0x68 ../obj/irqc.o
 .eh_frame      0x000151f0       0x44 ../obj/isrc.o
 .eh_frame      0x00015234       0x48 ../obj/gdt.o
 .eh_frame      0x0001527c       0x54 ../obj/syscall.o
 .eh_frame      0x000152d0       0x2c ../obj/timer.o
 .eh_frame      0x000152fc       0x44 ../obj/usermodec.o
 .eh_frame      0x00015340       0xb4 ../obj/task.o
 .eh_frame      0x000153f4      0x138 ../obj/iso9660.o
 .eh_frame      0x0001552c      0x1c0 ../obj/video.o
 .eh_frame      0x000156ec      0x19c ../obj/util.o
 .eh_frame      0x00015888      0x18c ../obj/atapi.o
 .eh_frame      0x00015a14      0x134 ../obj/ahci.o
 .eh_frame      0x00015b48      0x194 ../obj/kheap.o

.data           0x00015cdc      0x200
                0x00015cdc                        __data_start = .
 *(.data)
 .data          0x00015cdc        0x0 ../obj/ckernel.o
 .data          0x00015cdc        0x0 ../obj/paging.o
 .data          0x00015cdc        0x0 ../obj/idt.o
 .data          0x00015cdc        0x0 ../obj/irqc.o
 .data          0x00015cdc        0x0 ../obj/isrc.o
 .data          0x00015cdc        0x0 ../obj/gdt.o
 .data          0x00015cdc        0x4 ../obj/syscall.o
 .data          0x00015ce0        0x0 ../obj/timer.o
 .data          0x00015ce0        0x4 ../obj/usermodec.o
                0x00015ce0                user_stack_top
 .data          0x00015ce4        0x0 ../obj/task.o
 .data          0x00015ce4        0x4 ../obj/iso9660.o
 .data          0x00015ce8        0x8 ../obj/video.o
                0x00015ce8                tui_vidmem
                0x00015cec                attrib
 .data          0x00015cf0        0x4 ../obj/util.o
                0x00015cf0                INT_MAX
 .data          0x00015cf4        0x8 ../obj/atapi.o
 .data          0x00015cfc        0x0 ../obj/ahci.o
 .data          0x00015cfc        0x0 ../obj/kheap.o

.bss            0x00016000   0x404404
                0x00016000                        __bss_start = .
 *(.bss)
 .bss           0x00016000        0x0 ../obj/ckernel.o
 .bss           0x00016000   0x402000 ../obj/paging.o
 .bss           0x00418000      0x820 ../obj/idt.o
 .bss           0x00418820        0x0 ../obj/irqc.o
 .bss           0x00418820        0x0 ../obj/isrc.o
 .bss           0x00418820       0xc0 ../obj/gdt.o
 .bss           0x004188e0        0x0 ../obj/syscall.o
 .bss           0x004188e0        0x4 ../obj/timer.o
 *fill*         0x004188e4       0x1c 
 .bss           0x00418900     0x1000 ../obj/usermodec.o
                0x00418900                user_stack
 .bss           0x00419900       0x10 ../obj/task.o
 .bss           0x00419910       0x10 ../obj/iso9660.o
 .bss           0x00419920        0x4 ../obj/video.o
                0x00419920                saved_csr_y
                0x00419921                saved_csr_x
                0x00419922                csr_y
                0x00419923                csr_x
 .bss           0x00419924        0x0 ../obj/util.o
 .bss           0x00419924        0xc ../obj/atapi.o
 *fill*         0x00419930      0x2d0 
 .bss           0x00419c00      0x800 ../obj/ahci.o
 .bss           0x0041a400        0x4 ../obj/kheap.o
 *(COMMON)
                0x0041a404                        __bss_end = .
                0x0041a404                        __end = .

/DISCARD/
 *(.reloc)
LOAD ../obj/ckernel.o
LOAD ../obj/paging.o
LOAD ../obj/flush.o
LOAD ../obj/idt.o
LOAD ../obj/isr.o
LOAD ../obj/irqc.o
LOAD ../obj/irq.o
LOAD ../obj/isrc.o
LOAD ../obj/gdt.o
LOAD ../obj/syscall.o
LOAD ../obj/timer.o
LOAD ../obj/usermode.o
LOAD ../obj/usermodec.o
LOAD ../obj/task.o
LOAD ../obj/iso9660.o
LOAD ../obj/video.o
LOAD ../obj/util.o
LOAD ../obj/atapi.o
LOAD ../obj/ahci.o
LOAD ../obj/kheap.o
OUTPUT(../obj/kernel.o pei-i386)
LOAD dll stuff
