
Discarded input sections

 .reloc         0x00000000        0x0 dll stuff

Memory Configuration

Name             Origin             Length             Attributes
*default*        0x00000000         0xffffffff

Linker script and memory map

                0x00400000                        __image_base__ = 0x400000
                0x00000000                        __dll__ = 0x0
                0x00400000                        ___ImageBase = 0x400000
                0x00001000                        __section_alignment__ = 0x1000
                0x00000200                        __file_alignment__ = 0x200
                0x00000004                        __major_os_version__ = 0x4
                0x00000000                        __minor_os_version__ = 0x0
                0x00000001                        __major_image_version__ = 0x1
                0x00000000                        __minor_image_version__ = 0x0
                0x00000004                        __major_subsystem_version__ = 0x4
                0x00000000                        __minor_subsystem_version__ = 0x0
                0x00000003                        __subsystem__ = 0x3
                0x00200000                        __size_of_stack_reserve__ = 0x200000
                0x00001000                        __size_of_stack_commit__ = 0x1000
                0x00100000                        __size_of_heap_reserve__ = 0x100000
                0x00001000                        __size_of_heap_commit__ = 0x1000
                0x00000000                        __loader_flags__ = 0x0
                0x00000140                        __dll_characteristics__ = 0x140
                0x00040000                        . = 0x40000

.text           0x00040000     0x7800
                0x00040000                        __code_start = .
 *(EXCLUDE_FILE(../obj/data.o ../obj/shared_pages.o) .text .text.*)
 .text          0x00040000       0x10 ../obj/ckernel.o
                0x00040000                __main
 .text.startup  0x00040010      0x730 ../obj/ckernel.o
                0x00040010                main
 .text          0x00040740       0xa0 ../obj/descriptor_table.o
                0x00040740                write_tss
                0x000407d0                set_kernel_stack
 .text          0x000407e0     0x1420 ../obj/flpydisk.o
                0x000407e0                i86_flpy_irq
                0x000407f0                flpydsk_initialize_dma
                0x000408b0                flpydsk_dma_read
                0x00040900                flpydsk_dma_write
                0x00040950                flpydsk_read_status
                0x00040970                flpydsk_write_dor
                0x00040990                flpydsk_send_command
                0x000409d0                flpydsk_read_data
                0x00040a20                flpydsk_write_ccr
                0x00040a40                flpydsk_check_int
                0x00040af0                flpydsk_control_motor
                0x00040b80                flpydsk_drive_data
                0x00040c70                flpydsk_calibrate
                0x00040e80                flpydsk_disable_controller
                0x00040ea0                flpydsk_enable_controller
                0x00040ec0                flpydsk_reset
                0x00041060                flpydsk_seek
                0x00041210                flpydsk_lba_to_chs
                0x00041260                flpydsk_install
                0x00041320                flpydsk_set_working_drive
                0x00041330                flpydsk_get_working_drive
                0x00041340                flpydsk_read_sector_imp
                0x00041680                flpydsk_read_sector
                0x000417a0                flpydsk_write_sector_imp
                0x00041ae0                flpydsk_write_sector
 .text          0x00041c00       0x2d ../obj/flush.o
                0x00041c00                gdt_flush
                0x00041c1d                idt_flush
                0x00041c25                tss_flush
 *fill*         0x00041c2d        0x3 
 .text          0x00041c30      0x140 ../obj/fs.o
                0x00041c30                read_fs
                0x00041c70                write_fs
                0x00041cb0                open_fs
                0x00041cd0                close_fs
                0x00041cf0                readdir_fs
                0x00041d30                finddir_fs
 .text          0x00041d70      0x110 ../obj/gdt.o
                0x00041d70                gdt_set_gate
                0x00041de0                gdt_install
 .text          0x00041e80       0xa0 ../obj/idt.o
                0x00041e80                idt_set_gate
                0x00041ed0                idt_install
 .text          0x00041f20      0x400 ../obj/initrd.o
                0x000420c0                install_initrd
 .text          0x00042320      0x3c0 ../obj/irq.o
                0x00042320                irq_install_handler
                0x00042330                irq_uninstall_handler
                0x00042340                irq_remap
                0x00042410                irq_install
                0x00042660                irq_handler
 .text          0x000426e0      0x1d7 ../obj/isr.o
                0x000426e0                isr0
                0x000426ea                isr1
                0x000426f4                isr2
                0x000426fe                isr3
                0x00042708                isr4
                0x00042712                isr5
                0x0004271c                isr6
                0x00042726                isr7
                0x00042730                isr8
                0x00042738                isr9
                0x00042742                isr10
                0x0004274a                isr11
                0x00042752                isr12
                0x0004275a                isr13
                0x00042762                isr14
                0x00042767                isr15
                0x0004276e                isr16
                0x00042775                isr17
                0x0004277a                isr18
                0x00042781                isr19
                0x00042788                isr20
                0x0004278f                isr21
                0x00042796                isr22
                0x0004279d                isr23
                0x000427a4                isr24
                0x000427ab                isr25
                0x000427b2                isr26
                0x000427b9                isr27
                0x000427c0                isr28
                0x000427c7                isr29
                0x000427ce                isr30
                0x000427d5                isr31
                0x000427dc                isr127
                0x00042802                fault_tail
                0x00042815                irq0
                0x0004281c                irq1
                0x00042823                irq2
                0x0004282a                irq3
                0x00042831                irq4
                0x00042838                irq5
                0x0004283f                irq6
                0x00042846                irq7
                0x0004284d                irq8
                0x00042854                irq9
                0x0004285b                irq10
                0x00042862                irq11
                0x00042869                irq12
                0x00042870                irq13
                0x00042877                irq14
                0x0004287e                irq15
                0x000428a4                irq_tail
 *fill*         0x000428b7        0x9 
 .text          0x000428c0      0x780 ../obj/isrs.o
                0x000428c0                isrs_install
                0x00042d70                fault_handler
 .text          0x00043040      0x300 ../obj/keyboard.o
                0x00043040                keyboard_init
                0x00043070                FetchAndAnalyzeScancode
                0x00043130                ScanToASCII
                0x00043190                keyboard_handler
                0x000431e0                k_checkKQ_and_print_char
                0x000432b0                k_checkKQ_and_return_char
                0x00043300                keyboard_install
 .text          0x00043340      0x840 ../obj/kheap.o
                0x00043360                create_heap
                0x00043490                alloc
                0x00043810                free
                0x00043b60                kfree
 .text          0x00043b80       0x50 ../obj/math.o
                0x00043b80                k_power
                0x00043bc0                k_abs
 .text          0x00043bd0      0x250 ../obj/ordered_array.o
                0x00043bd0                standard_lessthan_predicate
                0x00043be0                create_ordered_array
                0x00043c50                place_ordered_array
                0x00043ca0                destroy_ordered_array
                0x00043cb0                insert_ordered_array
                0x00043d90                lookup_ordered_array
                0x00043de0                remove_ordered_array
 .text          0x00043e20      0x9f0 ../obj/paging.o
                0x00043f20                alloc_frame
                0x00043f40                free_frame
                0x00043f90                get_page
                0x00044020                k_malloc
                0x000440d0                clone_directory
                0x00044280                paging_install
                0x00044530                analyze_frames_bitset
                0x00044650                show_physical_address
                0x00044690                analyze_physical_addresses
 .text.unlikely
                0x00044810        0x8 ../obj/paging.o
 *fill*         0x00044818        0x8 
 .text          0x00044820       0x3b ../obj/process.o
                0x00044820                read_eip
                0x00044823                copy_page_physical
 *fill*         0x0004485b        0x5 
 .text          0x00044860       0xd0 ../obj/syscall.o
                0x00044860                syscall_puts
                0x00044870                syscall_putch
                0x00044880                syscall_settextcolor
                0x000448a0                syscall_getpid
                0x000448b0                syscall_nop
                0x000448c0                syscall_switch_context
                0x000448d0                syscall_k_checkKQ_and_print_char
                0x000448e0                syscall_k_checkKQ_and_return_char
                0x000448f0                syscall_handler
 .text          0x00044930      0x620 ../obj/task.o
                0x00044930                getpid
                0x00044940                tasking_install
                0x000449e0                create_task
                0x00044b50                task_switch
                0x00044bd0                switch_context
                0x00044be0                task_log
                0x00044c90                log_task_list
                0x00044cc0                TSS_log
                0x00044e50                fork
 .text          0x00044f50      0x1b0 ../obj/timer.o
                0x00044f50                timer_handler
                0x00044f70                timer_wait
                0x00045000                sleepSeconds
                0x00045010                sleepMilliSeconds
                0x00045030                systemTimer_setFrequency
                0x00045080                timer_install
                0x000450e0                timer_uninstall
 .text          0x00045100      0x5f0 ../obj/util.o
                0x00045100                sti
                0x00045110                cli
                0x00045120                nop
                0x00045130                initODA
                0x00045180                fetchESP
                0x00045190                fetchEBP
                0x000451a0                fetchSS
                0x000451b0                fetchCS
                0x000451c0                fetchDS
                0x000451d0                inportb
                0x000451e0                outportb
                0x000451f0                panic_assert
                0x00045270                k_memshow
                0x000452b0                k_memcpy
                0x000452e0                k_memset
                0x00045330                k_memsetw
                0x00045360                k_strlen
                0x00045390                k_strcmp
                0x000453e0                k_strcpy
                0x00045400                k_strncpy
                0x00045470                k_strcat
                0x000454a0                reboot
                0x000454d0                k_itoa
                0x00045580                k_i2hex
                0x000455d0                float2string
 .text          0x000456f0      0x5f0 ../obj/video.o
                0x000456f0                settextcolor
                0x00045710                move_cursor_right
                0x00045740                move_cursor_left
                0x00045790                update_cursor
                0x00045800                k_clear_screen
                0x00045850                move_cursor_home
                0x00045860                move_cursor_end
                0x00045870                set_cursor
                0x00045890                scroll
                0x00045910                putch
                0x00045a40                puts
                0x00045a70                k_printf
                0x00045ac0                printformat
                0x00045c80                save_cursor
                0x00045cb0                restore_cursor
 ../obj/shared_pages.o(.text)
 .text          0x00045ce0       0x10 ../obj/shared_pages.o
                0x00045ce0                getAddressUserProgram
 ../obj/data.o(.text)
 .text          0x00045cf0     0x19e3 ../obj/data.o
                0x00045cf0                file_data_start
                0x000476d3                file_data_end
                0x00048000                        . = ALIGN (0x1000)

.rodata         0x00048000      0xa00
                0x00048000                        __rodata_start = .
 *(.rodata)
 *(.rdata)
 .rdata         0x00048000      0x15c ../obj/ckernel.o
 *fill*         0x0004815c        0x4 
 .rdata         0x00048160       0x10 ../obj/descriptor_table.o
 .rdata         0x00048170       0x18 ../obj/flpydisk.o
                0x0004817c                DMA_BUFFER
                0x00048180                FLPY_SECTORS_PER_TRACK
                0x00048184                FLOPPY_IRQ
 .rdata         0x00048188        0x4 ../obj/gdt.o
 *fill*         0x0004818c        0x4 
 .rdata         0x00048190       0x40 ../obj/initrd.o
 .rdata         0x000481d0      0x2bc ../obj/isrs.o
 *fill*         0x0004848c       0x14 
 .rdata         0x000484a0      0x100 ../obj/keyboard.o
 .rdata         0x000485a0      0x138 ../obj/kheap.o
 .rdata         0x000486d8       0x38 ../obj/ordered_array.o
 .rdata         0x00048710       0x3c ../obj/paging.o
 *fill*         0x0004874c       0x14 
 .rdata         0x00048760       0x20 ../obj/syscall.o
 .rdata         0x00048780       0xd4 ../obj/task.o
 .rdata         0x00048854       0x44 ../obj/util.o
 .rdata         0x00048898       0x84 ../obj/video.o

.rdata          0x00049000      0x400
 .rdata$zzz     0x00049000       0x2c ../obj/shared_pages.o
 .rdata$zzz     0x0004902c       0x2c ../obj/ckernel.o
 .rdata$zzz     0x00049058       0x2c ../obj/descriptor_table.o
 .rdata$zzz     0x00049084       0x2c ../obj/flpydisk.o
 .rdata$zzz     0x000490b0       0x2c ../obj/fs.o
 .rdata$zzz     0x000490dc       0x2c ../obj/gdt.o
 .rdata$zzz     0x00049108       0x2c ../obj/idt.o
 .rdata$zzz     0x00049134       0x2c ../obj/initrd.o
 .rdata$zzz     0x00049160       0x2c ../obj/irq.o
 .rdata$zzz     0x0004918c       0x2c ../obj/isrs.o
 .rdata$zzz     0x000491b8       0x2c ../obj/keyboard.o
 .rdata$zzz     0x000491e4       0x2c ../obj/kheap.o
 .rdata$zzz     0x00049210       0x2c ../obj/math.o
 .rdata$zzz     0x0004923c       0x2c ../obj/ordered_array.o
 .rdata$zzz     0x00049268       0x2c ../obj/paging.o
 .rdata$zzz     0x00049294       0x2c ../obj/syscall.o
 .rdata$zzz     0x000492c0       0x2c ../obj/task.o
 .rdata$zzz     0x000492ec       0x2c ../obj/timer.o
 .rdata$zzz     0x00049318       0x2c ../obj/util.o
 .rdata$zzz     0x00049344       0x2c ../obj/video.o

.eh_frame       0x0004a000     0x1800
 .eh_frame      0x0004a000       0x2c ../obj/shared_pages.o
 .eh_frame      0x0004a02c       0x4c ../obj/ckernel.o
 .eh_frame      0x0004a078       0x50 ../obj/descriptor_table.o
 .eh_frame      0x0004a0c8      0x44c ../obj/flpydisk.o
 .eh_frame      0x0004a514       0xc8 ../obj/fs.o
 .eh_frame      0x0004a5dc       0x60 ../obj/gdt.o
 .eh_frame      0x0004a63c       0x4c ../obj/idt.o
 .eh_frame      0x0004a688       0xec ../obj/initrd.o
 .eh_frame      0x0004a774       0xa4 ../obj/irq.o
 .eh_frame      0x0004a818       0x88 ../obj/isrs.o
 .eh_frame      0x0004a8a0      0x108 ../obj/keyboard.o
 .eh_frame      0x0004a9a8      0x124 ../obj/kheap.o
 .eh_frame      0x0004aacc       0x50 ../obj/math.o
 .eh_frame      0x0004ab1c      0x164 ../obj/ordered_array.o
 .eh_frame      0x0004ac80      0x224 ../obj/paging.o
 .eh_frame      0x0004aea4      0x108 ../obj/syscall.o
 .eh_frame      0x0004afac      0x14c ../obj/task.o
 .eh_frame      0x0004b0f8       0xc0 ../obj/timer.o
 .eh_frame      0x0004b1b8      0x348 ../obj/util.o
 .eh_frame      0x0004b500      0x1d8 ../obj/video.o
                0x0004c000                        . = ALIGN (0x1000)

.data           0x0004c000      0x200
                0x0004c000                        __data_start = .
 *(.data)
 .data          0x0004c000        0x0 ../obj/shared_pages.o
 .data          0x0004c000        0x0 ../obj/ckernel.o
 .data          0x0004c000        0x0 ../obj/descriptor_table.o
 .data          0x0004c000        0x0 ../obj/flpydisk.o
 .data          0x0004c000        0x0 ../obj/fs.o
 .data          0x0004c000        0x0 ../obj/gdt.o
 .data          0x0004c000        0x0 ../obj/idt.o
 .data          0x0004c000        0x0 ../obj/initrd.o
 .data          0x0004c000        0x0 ../obj/irq.o
 .data          0x0004c000       0x80 ../obj/isrs.o
                0x0004c000                exception_messages
 .data          0x0004c080        0x0 ../obj/keyboard.o
 .data          0x0004c080        0x0 ../obj/kheap.o
 .data          0x0004c080        0x0 ../obj/math.o
 .data          0x0004c080        0x0 ../obj/ordered_array.o
 .data          0x0004c080        0x8 ../obj/paging.o
                0x0004c080                placement_address
                0x0004c084                ULONG_MAX
 .data          0x0004c088        0x0 ../obj/syscall.o
 .data          0x0004c088        0x4 ../obj/task.o
                0x0004c088                next_pid
 .data          0x0004c08c        0x0 ../obj/timer.o
 .data          0x0004c08c        0x8 ../obj/util.o
                0x0004c08c                pODA
                0x0004c090                INT_MAX
 .data          0x0004c094        0x8 ../obj/video.o
                0x0004c094                vidmem
                0x0004c098                attrib
                0x0004d000                        . = ALIGN (0x1000)

.bss            0x0004d000     0x5604
                0x0004d000                        __bss_start = .
 *(.bss)
 .bss           0x0004d000        0x0 ../obj/shared_pages.o
 .bss           0x0004d000     0x4140 ../obj/ckernel.o
                0x0004d000                kheap
                0x0004d020                Mem_Chunk
                0x0004d110                flag1
                0x0004d120                buf
                0x0004f120                address_TEST
                0x00051120                address_user
 .bss           0x00051140      0x8e0 ../obj/descriptor_table.o
                0x00051140                tss
                0x000511a8                idt_ptr
                0x000511c0                idt_entries
                0x000519c0                gdt_ptr
                0x000519e0                gdt_entries
 .bss           0x00051a20        0x4 ../obj/flpydisk.o
                0x00051a20                _FloppyDiskIRQ
 .bss           0x00051a24        0x4 ../obj/fs.o
                0x00051a24                fs_root
 *fill*         0x00051a28       0x18 
 .bss           0x00051a40       0x60 ../obj/gdt.o
                0x00051a40                gdt_register
                0x00051a60                gdt
 .bss           0x00051aa0      0x820 ../obj/idt.o
                0x00051aa0                idt_register
                0x00051ac0                idt
 .bss           0x000522c0       0xa0 ../obj/initrd.o
                0x000522c0                dirent
                0x00052344                nroot_nodes
                0x00052348                root_nodes
                0x0005234c                initrd_dev
                0x00052350                initrd_root
                0x00052354                file_headers
                0x00052358                initrd_header
 .bss           0x00052360      0x200 ../obj/irq.o
                0x00052360                irq_routines
 .bss           0x00052560        0x0 ../obj/isrs.o
 .bss           0x00052560        0x4 ../obj/keyboard.o
                0x00052560                scan
                0x00052561                KeyPressed
                0x00052562                ShiftKeyDown
 .bss           0x00052564        0x0 ../obj/kheap.o
 .bss           0x00052564        0x0 ../obj/math.o
 .bss           0x00052564        0x0 ../obj/ordered_array.o
 .bss           0x00052564       0x14 ../obj/paging.o
                0x00052564                offs
                0x00052568                ind
                0x0005256c                frames
                0x00052570                current_directory
                0x00052574                kernel_directory
 .bss           0x00052578        0x0 ../obj/syscall.o
 .bss           0x00052578        0x8 ../obj/task.o
                0x00052578                ready_queue
                0x0005257c                current_task
 .bss           0x00052580        0x8 ../obj/timer.o
                0x00052580                eticks
                0x00052584                timer_ticks
 *fill*         0x00052588       0x18 
 .bss           0x000525a0       0x60 ../obj/util.o
                0x000525a0                ODA
 .bss           0x00052600        0x4 ../obj/video.o
                0x00052600                saved_csr_y
                0x00052601                saved_csr_x
                0x00052602                csr_y
                0x00052603                csr_x
 *(COMMON)
                0x00052604                        __bss_end = .
                0x00052604                        __end = .

/DISCARD/
 *(.reloc)
LOAD ../obj/ckernel.o
LOAD ../obj/data.o
LOAD ../obj/descriptor_table.o
LOAD ../obj/flpydisk.o
LOAD ../obj/flush.o
LOAD ../obj/fs.o
LOAD ../obj/gdt.o
LOAD ../obj/idt.o
LOAD ../obj/initrd.o
LOAD ../obj/irq.o
LOAD ../obj/isr.o
LOAD ../obj/isrs.o
LOAD ../obj/keyboard.o
LOAD ../obj/kheap.o
LOAD ../obj/math.o
LOAD ../obj/ordered_array.o
LOAD ../obj/paging.o
LOAD ../obj/process.o
LOAD ../obj/shared_pages.o
LOAD ../obj/syscall.o
LOAD ../obj/task.o
LOAD ../obj/timer.o
LOAD ../obj/util.o
LOAD ../obj/video.o
OUTPUT(../obj/kernel.o pei-i386)
LOAD dll stuff
