
Discarded input sections

 .reloc         0x00000000        0x0 dll stuff

Memory Configuration

Name             Origin             Length             Attributes
*default*        0x00000000         0xffffffff

Linker script and memory map

                0x00400000                        __image_base__ = 0x400000
                0x00000000                        __dll__ = 0x0
                0x00400000                        ___ImageBase = 0x400000
                0x00001000                        __section_alignment__ = 0x1000
                0x00000200                        __file_alignment__ = 0x200
                0x00000004                        __major_os_version__ = 0x4
                0x00000000                        __minor_os_version__ = 0x0
                0x00000001                        __major_image_version__ = 0x1
                0x00000000                        __minor_image_version__ = 0x0
                0x00000004                        __major_subsystem_version__ = 0x4
                0x00000000                        __minor_subsystem_version__ = 0x0
                0x00000003                        __subsystem__ = 0x3
                0x00200000                        __size_of_stack_reserve__ = 0x200000
                0x00001000                        __size_of_stack_commit__ = 0x1000
                0x00100000                        __size_of_heap_reserve__ = 0x100000
                0x00001000                        __size_of_heap_commit__ = 0x1000
                0x00000000                        __loader_flags__ = 0x0
                0x00000140                        __dll_characteristics__ = 0x140
                0x00400000                        . = 0x400000

.text           0x00400000     0x6c00
                0x00400000        0x4 LONG 0x400004 _kmain
                0x00400004                        __code_start = .
 *(EXCLUDE_FILE(../obj/data.o ../obj/shared_pages.o) .text .text.*)
 .text          0x00400004      0x5b4 ../obj/ckernel.o
                0x00400004                kmain
 .text          0x004005b8       0x9c ../obj/descriptor_table.o
                0x004005b8                write_tss
                0x00400647                set_kernel_stack
 .text          0x00400654      0x858 ../obj/flpydisk.o
                0x00400654                i86_flpy_irq
                0x0040065c                flpydsk_initialize_dma
                0x00400717                flpydsk_dma_read
                0x0040075a                flpydsk_dma_write
                0x0040079d                flpydsk_read_status
                0x004007b0                flpydsk_write_dor
                0x004007cc                flpydsk_send_command
                0x00400805                flpydsk_read_data
                0x00400834                flpydsk_write_ccr
                0x00400850                flpydsk_wait_irq
                0x00400863                flpydsk_check_int
                0x00400892                flpydsk_control_motor
                0x004008f4                flpydsk_drive_data
                0x00400943                flpydsk_calibrate
                0x004009d3                flpydsk_disable_controller
                0x004009e6                flpydsk_enable_controller
                0x004009f9                flpydsk_reset
                0x00400a72                flpydsk_seek
                0x00400b02                flpydsk_lba_to_chs
                0x00400b4e                flpydsk_install
                0x00400b97                flpydsk_set_working_drive
                0x00400ba5                flpydsk_get_working_drive
                0x00400bad                flpydsk_read_sector_imp
                0x00400c80                flpydsk_read_sector
                0x00400d2b                flpydsk_write_sector_imp
                0x00400dfe                flpydsk_write_sector
 *fill*         0x00400eac        0x4 
 .text          0x00400eb0       0x2d ../obj/flush.o
                0x00400eb0                gdt_flush
                0x00400ecd                idt_flush
                0x00400ed5                tss_flush
 *fill*         0x00400edd        0x3 
 .text          0x00400ee0      0x120 ../obj/fs.o
                0x00400ee0                read_fs
                0x00400f17                write_fs
                0x00400f4e                open_fs
                0x00400f6c                close_fs
                0x00400f86                readdir_fs
                0x00400fc2                finddir_fs
 .text          0x00401000      0x190 ../obj/gdt.o
                0x00401000                gdt_set_gate
                0x00401060                gdt_install
 .text          0x00401190       0x84 ../obj/idt.o
                0x00401190                idt_set_gate
                0x004011d1                idt_install
 .text          0x00401214      0x4c0 ../obj/initrd.o
                0x00401215                initrd_readdir
                0x004012c1                initrd_finddir
                0x004013ed                install_initrd
 .text          0x004016d4      0x3a8 ../obj/irq.o
                0x004016d4                irq_install_handler
                0x004016e4                irq_uninstall_handler
                0x004016f4                irq_remap
                0x004017c3                irq_install
                0x00401a0f                irq_handler
 *fill*         0x00401a7c        0x4 
 .text          0x00401a80      0x1d7 ../obj/isr.o
                0x00401a80                isr0
                0x00401a8a                isr1
                0x00401a94                isr2
                0x00401a9e                isr3
                0x00401aa8                isr4
                0x00401ab2                isr5
                0x00401abc                isr6
                0x00401ac6                isr7
                0x00401ad0                isr8
                0x00401ad8                isr9
                0x00401ae2                isr10
                0x00401aea                isr11
                0x00401af2                isr12
                0x00401afa                isr13
                0x00401b02                isr14
                0x00401b07                isr15
                0x00401b0e                isr16
                0x00401b15                isr17
                0x00401b1a                isr18
                0x00401b21                isr19
                0x00401b28                isr20
                0x00401b2f                isr21
                0x00401b36                isr22
                0x00401b3d                isr23
                0x00401b44                isr24
                0x00401b4b                isr25
                0x00401b52                isr26
                0x00401b59                isr27
                0x00401b60                isr28
                0x00401b67                isr29
                0x00401b6e                isr30
                0x00401b75                isr31
                0x00401b7c                isr127
                0x00401ba2                fault_tail
                0x00401bb5                irq0
                0x00401bbc                irq1
                0x00401bc3                irq2
                0x00401bca                irq3
                0x00401bd1                irq4
                0x00401bd8                irq5
                0x00401bdf                irq6
                0x00401be6                irq7
                0x00401bed                irq8
                0x00401bf4                irq9
                0x00401bfb                irq10
                0x00401c02                irq11
                0x00401c09                irq12
                0x00401c10                irq13
                0x00401c17                irq14
                0x00401c1e                irq15
                0x00401c44                irq_tail
 *fill*         0x00401c57        0x1 
 .text          0x00401c58      0x7b0 ../obj/isrs.o
                0x00401c58                isrs_install
                0x00402103                fault_handler
 .text          0x00402408      0x264 ../obj/keyboard.o
                0x00402408                keyboard_init
                0x0040242d                FetchAndAnalyzeScancode
                0x004024d8                ScanToASCII
                0x00402528                keyboard_handler
                0x00402569                k_checkKQ_and_print_char
                0x0040260c                k_checkKQ_and_return_char
                0x0040264c                keyboard_install
 .text          0x0040266c      0x728 ../obj/kheap.o
                0x0040267e                create_heap
                0x00402795                alloc
                0x00402aed                free
                0x00402d76                kfree
 .text          0x00402d94       0x70 ../obj/math.o
                0x00402d94                k_power
                0x00402dbc                k_abs
                0x00402dc8                k_sqrt
 .text          0x00402e04      0x1dc ../obj/ordered_array.o
                0x00402e04                standard_lessthan_predicate
                0x00402e10                create_ordered_array
                0x00402e71                place_ordered_array
                0x00402eba                destroy_ordered_array
                0x00402ecf                insert_ordered_array
                0x00402f6c                lookup_ordered_array
                0x00402fa7                remove_ordered_array
 .text          0x00402fe0      0x898 ../obj/paging.o
                0x00402fe0                alloc_frame
                0x004030eb                free_frame
                0x0040312d                get_page
                0x004031b6                k_malloc
                0x00403257                clone_directory
                0x004033ea                paging_install
                0x0040360d                analyze_frames_bitset
                0x0040372a                show_physical_address
                0x0040375f                analyze_physical_addresses
 *fill*         0x00403878        0x8 
 .text          0x00403880       0x3b ../obj/process.o
                0x00403880                read_eip
                0x00403883                copy_page_physical
 *fill*         0x004038bb        0x1 
 .text          0x004038bc       0x94 ../obj/syscall.o
                0x004038bc                syscall_puts
                0x004038ca                syscall_putch
                0x004038d9                syscall_settextcolor
                0x004038ed                syscall_getpid
                0x004038f5                syscall_nop
                0x004038fd                syscall_switch_context
                0x00403905                syscall_k_checkKQ_and_print_char
                0x0040390d                syscall_k_checkKQ_and_return_char
                0x00403915                syscall_handler
 .text          0x00403950      0x608 ../obj/task.o
                0x00403950                getpid
                0x00403958                tasking_install
                0x004039f4                create_task
                0x00403ba7                task_switch
                0x00403c1f                switch_context
                0x00403c22                task_log
                0x00403cc7                log_task_list
                0x00403cef                TSS_log
                0x00403e79                fork
 .text          0x00403f58      0x108 ../obj/timer.o
                0x00403f58                timer_handler
                0x00403f71                systemTimer_setFrequency
                0x00403fc4                timer_install
                0x00403feb                timer_uninstall
                0x00403ffe                timer_wait
                0x0040402f                sleepSeconds
                0x00404043                sleepMilliSeconds
 .text          0x00404060      0x484 ../obj/util.o
                0x00404060                sti
                0x00404062                cli
                0x00404064                nop
                0x00404066                initODA
                0x00404091                fetchESP
                0x00404094                fetchEBP
                0x00404097                fetchSS
                0x0040409a                fetchCS
                0x0040409d                fetchDS
                0x004040a0                inportb
                0x004040a6                outportb
                0x004040b0                panic_assert
                0x00404122                k_memshow
                0x00404157                k_memcpy
                0x00404183                k_memset
                0x004041a7                k_memsetw
                0x004041cb                k_strlen
                0x004041e9                k_strcmp
                0x00404212                k_strcpy
                0x0040422f                k_strncpy
                0x00404274                k_strcat
                0x004042ad                reboot
                0x004042dc                k_itoa
                0x0040437d                k_i2hex
                0x004043d6                float2string
 .text          0x004044e4      0x500 ../obj/video.o
                0x004044e4                putpixel
                0x00404504                start_gui
                0x00404506                settextcolor
                0x0040451e                move_cursor_right
                0x00404540                move_cursor_left
                0x00404573                update_cursor
                0x004045e0                k_clear_screen
                0x00404623                move_cursor_home
                0x00404636                move_cursor_end
                0x00404649                set_cursor
                0x00404667                scroll
                0x004046db                putch
                0x004047fe                puts
                0x00404827                k_printf
                0x0040486a                printformat
                0x00404991                save_cursor
                0x004049ba                restore_cursor
 *fill*         0x004049e4        0xc 
 .text          0x004049f0       0x3b ../obj/video_fb.o
                0x004049f0                init_vbe
                0x004049f1                putpixel16
 *fill*         0x00404a2b        0x1 
 .text          0x00404a2c      0xd34 ../obj/program_1.o
                0x00404a2c                vbe_read_modeinfo_early()
                0x00404a75                vbe_init_pm
                0x00404abe                rgb565
                0x00404ae7                gfx_hLine(int, int, int, unsigned short)
                0x00404b5f                gfx_getPixel(int, int)
                0x00404b99                gfx_putPixel(int, int, unsigned short)
                0x00404bd2                gfx_putPixel(int, int, int, unsigned short)
                0x00404ca7                gfx_drawLine(int, int, int, int, unsigned short, int)
                0x00404e26                gfx_drawCircle(int, int, int, unsigned short)
                0x00404f6a                gfx_drawCircle(int, int, int, int, unsigned short)
                0x00404fc3                gfx_drawCircleFill(int, int, int, unsigned short)
                0x0040508e                gfx_rectFill
                0x0040513e                gfx_rectFrame(int, int, int, int, int, unsigned short)
                0x004051dc                gfx_clear(unsigned short)
                0x00405216                call_002()
                0x004052a9                user_program_1
 ../obj/shared_pages.o(.text)
 .text          0x00405760        0x8 ../obj/shared_pages.o
                0x00405760                getAddressUserProgram
 ../obj/data.o(.text)
 *fill*         0x00405768        0x8 
 .text          0x00405770     0x1354 ../obj/data.o
                0x00405770                file_data_start
                0x00406ac4                file_data_end
                0x00407000                        . = ALIGN (0x1000)

.rodata         0x00407000      0xa00
                0x00407000                        __rodata_start = .
 *(.rodata)
 *(.rdata)
 .rdata         0x00407000      0x160 ../obj/ckernel.o
 .rdata         0x00407160        0xc ../obj/flpydisk.o
                0x00407160                DMA_BUFFER
                0x00407164                FLPY_SECTORS_PER_TRACK
                0x00407168                FLOPPY_IRQ
 .rdata         0x0040716c       0x2c ../obj/initrd.o
 .rdata         0x00407198      0x2bc ../obj/isrs.o
 *fill*         0x00407454        0xc 
 .rdata         0x00407460      0x100 ../obj/keyboard.o
 .rdata         0x00407560      0x138 ../obj/kheap.o
 .rdata         0x00407698        0x4 ../obj/math.o
 .rdata         0x0040769c       0x38 ../obj/ordered_array.o
 .rdata         0x004076d4       0x3c ../obj/paging.o
 *fill*         0x00407710       0x10 
 .rdata         0x00407720       0x20 ../obj/syscall.o
 .rdata         0x00407740       0xd4 ../obj/task.o
 .rdata         0x00407814       0x44 ../obj/util.o
 .rdata         0x00407858       0x84 ../obj/video.o
 .rdata         0x004078dc       0x24 ../obj/program_1.o

.rdata          0x00408000      0x400
 .rdata$zzz     0x00408000       0x2c ../obj/shared_pages.o
 .rdata$zzz     0x0040802c       0x2c ../obj/ckernel.o
 .rdata$zzz     0x00408058       0x2c ../obj/descriptor_table.o
 .rdata$zzz     0x00408084       0x2c ../obj/flpydisk.o
 .rdata$zzz     0x004080b0       0x2c ../obj/fs.o
 .rdata$zzz     0x004080dc       0x2c ../obj/gdt.o
 .rdata$zzz     0x00408108       0x2c ../obj/idt.o
 .rdata$zzz     0x00408134       0x2c ../obj/initrd.o
 .rdata$zzz     0x00408160       0x2c ../obj/irq.o
 .rdata$zzz     0x0040818c       0x2c ../obj/isrs.o
 .rdata$zzz     0x004081b8       0x2c ../obj/keyboard.o
 .rdata$zzz     0x004081e4       0x2c ../obj/kheap.o
 .rdata$zzz     0x00408210       0x2c ../obj/math.o
 .rdata$zzz     0x0040823c       0x2c ../obj/ordered_array.o
 .rdata$zzz     0x00408268       0x2c ../obj/paging.o
 .rdata$zzz     0x00408294       0x2c ../obj/syscall.o
 .rdata$zzz     0x004082c0       0x2c ../obj/task.o
 .rdata$zzz     0x004082ec       0x2c ../obj/timer.o
 .rdata$zzz     0x00408318       0x2c ../obj/util.o
 .rdata$zzz     0x00408344       0x2c ../obj/video.o
 .rdata$zzz     0x00408370       0x2c ../obj/program_1.o

.eh_frame       0x00409000     0x1a00
 .eh_frame      0x00409000       0x2c ../obj/shared_pages.o
 .eh_frame      0x0040902c       0x58 ../obj/ckernel.o
 .eh_frame      0x00409084       0x50 ../obj/descriptor_table.o
 .eh_frame      0x004090d4      0x380 ../obj/flpydisk.o
 .eh_frame      0x00409454       0xb0 ../obj/fs.o
 .eh_frame      0x00409504       0x6c ../obj/gdt.o
 .eh_frame      0x00409570       0x4c ../obj/idt.o
 .eh_frame      0x004095bc      0x110 ../obj/initrd.o
 .eh_frame      0x004096cc       0xa4 ../obj/irq.o
 .eh_frame      0x00409770       0x74 ../obj/isrs.o
 .eh_frame      0x004097e4       0xe8 ../obj/keyboard.o
 .eh_frame      0x004098cc       0xf4 ../obj/kheap.o
 .eh_frame      0x004099c0       0x5c ../obj/math.o
 .eh_frame      0x00409a1c      0x13c ../obj/ordered_array.o
 .eh_frame      0x00409b58      0x1d8 ../obj/paging.o
 .eh_frame      0x00409d30      0x108 ../obj/syscall.o
 .eh_frame      0x00409e38      0x144 ../obj/task.o
 .eh_frame      0x00409f7c       0xc8 ../obj/timer.o
 .eh_frame      0x0040a044      0x2f4 ../obj/util.o
 .eh_frame      0x0040a338      0x214 ../obj/video.o
 .eh_frame      0x0040a54c      0x2b8 ../obj/program_1.o
                0x0040b000                        . = ALIGN (0x1000)

.data           0x0040b000      0x200
                0x0040b000                        __data_start = .
 *(.data)
 .data          0x0040b000        0x0 ../obj/shared_pages.o
 .data          0x0040b000        0x0 ../obj/ckernel.o
 .data          0x0040b000        0x0 ../obj/descriptor_table.o
 .data          0x0040b000        0x0 ../obj/flpydisk.o
 .data          0x0040b000        0x0 ../obj/fs.o
 .data          0x0040b000        0x0 ../obj/gdt.o
 .data          0x0040b000        0x0 ../obj/idt.o
 .data          0x0040b000        0x0 ../obj/initrd.o
 .data          0x0040b000        0x0 ../obj/irq.o
 .data          0x0040b000       0x80 ../obj/isrs.o
                0x0040b000                exception_messages
 .data          0x0040b080        0x0 ../obj/keyboard.o
 .data          0x0040b080        0x0 ../obj/kheap.o
 .data          0x0040b080        0x0 ../obj/math.o
 .data          0x0040b080        0x0 ../obj/ordered_array.o
 .data          0x0040b080        0x4 ../obj/paging.o
                0x0040b080                ULONG_MAX
 .data          0x0040b084        0x0 ../obj/syscall.o
 .data          0x0040b084        0x4 ../obj/task.o
                0x0040b084                next_pid
 .data          0x0040b088        0x0 ../obj/timer.o
 .data          0x0040b088        0x8 ../obj/util.o
                0x0040b088                pODA
                0x0040b08c                INT_MAX
 .data          0x0040b090        0xc ../obj/video.o
                0x0040b090                gui_vidmem
                0x0040b094                tui_vidmem
                0x0040b098                attrib
 .data          0x0040b09c        0x0 ../obj/program_1.o
                0x0040c000                        . = ALIGN (0x1000)

.bss            0x0040c000     0x4bd0
                0x0040c000                        __bss_start = .
 *(.bss)
 .bss           0x0040c000        0x0 ../obj/shared_pages.o
 .bss           0x0040c000     0x4120 ../obj/ckernel.o
                0x0040c000                Mem_Chunk
                0x0040c0f0                flag1
                0x0040c100                buf
                0x0040e100                address_TEST
                0x00410100                address_user
 .bss           0x00410120       0x80 ../obj/descriptor_table.o
                0x00410120                tss
 .bss           0x004101a0        0x4 ../obj/flpydisk.o
                0x004101a0                _FloppyDiskIRQ
 .bss           0x004101a4        0x4 ../obj/fs.o
                0x004101a4                fs_root
 *fill*         0x004101a8       0x18 
 .bss           0x004101c0       0x60 ../obj/gdt.o
                0x004101c0                gdt_register
                0x004101e0                gdt
 .bss           0x00410220      0x820 ../obj/idt.o
                0x00410220                idt_register
                0x00410240                idt
 .bss           0x00410a40       0xa0 ../obj/initrd.o
                0x00410a40                dirent
                0x00410ac4                nroot_nodes
                0x00410ac8                root_nodes
                0x00410acc                initrd_dev
                0x00410ad0                initrd_root
                0x00410ad4                file_headers
                0x00410ad8                initrd_header
 .bss           0x00410ae0       0x40 ../obj/irq.o
                0x00410ae0                irq_routines
 .bss           0x00410b20        0x0 ../obj/isrs.o
 .bss           0x00410b20        0x4 ../obj/keyboard.o
                0x00410b20                scan
                0x00410b21                KeyPressed
                0x00410b22                ShiftKeyDown
 .bss           0x00410b24        0x4 ../obj/kheap.o
                0x00410b24                kheap
 .bss           0x00410b28        0x0 ../obj/math.o
 .bss           0x00410b28        0x0 ../obj/ordered_array.o
 .bss           0x00410b28       0x18 ../obj/paging.o
                0x00410b28                offs
                0x00410b2c                ind
                0x00410b30                frames
                0x00410b34                placement_address
                0x00410b38                current_directory
                0x00410b3c                kernel_directory
 .bss           0x00410b40        0x0 ../obj/syscall.o
 .bss           0x00410b40        0x8 ../obj/task.o
                0x00410b40                ready_queue
                0x00410b44                current_task
 .bss           0x00410b48        0x8 ../obj/timer.o
                0x00410b48                eticks
                0x00410b4c                timer_ticks
 *fill*         0x00410b50       0x10 
 .bss           0x00410b60       0x60 ../obj/util.o
                0x00410b60                ODA
 .bss           0x00410bc0        0x4 ../obj/video.o
                0x00410bc0                saved_csr_y
                0x00410bc1                saved_csr_x
                0x00410bc2                csr_y
                0x00410bc3                csr_x
 .bss           0x00410bc4        0xc ../obj/program_1.o
                0x00410bc4                lfb_bpp
                0x00410bc6                lfb_yres
                0x00410bc8                lfb_xres
                0x00410bca                lfb_pitch
                0x00410bcc                lfb_base
 *(COMMON)
                0x00410bd0                        __bss_end = .
                0x00410bd0                        __end = .

/DISCARD/
 *(.reloc)
LOAD ../obj/ckernel.o
LOAD ../obj/data.o
LOAD ../obj/descriptor_table.o
LOAD ../obj/flpydisk.o
LOAD ../obj/flush.o
LOAD ../obj/fs.o
LOAD ../obj/gdt.o
LOAD ../obj/idt.o
LOAD ../obj/initrd.o
LOAD ../obj/irq.o
LOAD ../obj/isr.o
LOAD ../obj/isrs.o
LOAD ../obj/keyboard.o
LOAD ../obj/kheap.o
LOAD ../obj/math.o
LOAD ../obj/ordered_array.o
LOAD ../obj/paging.o
LOAD ../obj/process.o
LOAD ../obj/shared_pages.o
LOAD ../obj/syscall.o
LOAD ../obj/task.o
LOAD ../obj/timer.o
LOAD ../obj/util.o
LOAD ../obj/video.o
LOAD ../obj/video_fb.o
LOAD ../obj/program_1.o
OUTPUT(../obj/kernel.o pei-i386)
LOAD dll stuff
