
Discarded input sections

 .reloc         0x00000000        0x0 dll stuff

Memory Configuration

Name             Origin             Length             Attributes
*default*        0x00000000         0xffffffff

Linker script and memory map

                0x00400000                        __image_base__ = 0x400000
                0x00000000                        __dll__ = 0x0
                0x00400000                        ___ImageBase = 0x400000
                0x00001000                        __section_alignment__ = 0x1000
                0x00000200                        __file_alignment__ = 0x200
                0x00000004                        __major_os_version__ = 0x4
                0x00000000                        __minor_os_version__ = 0x0
                0x00000001                        __major_image_version__ = 0x1
                0x00000000                        __minor_image_version__ = 0x0
                0x00000004                        __major_subsystem_version__ = 0x4
                0x00000000                        __minor_subsystem_version__ = 0x0
                0x00000003                        __subsystem__ = 0x3
                0x00200000                        __size_of_stack_reserve__ = 0x200000
                0x00001000                        __size_of_stack_commit__ = 0x1000
                0x00100000                        __size_of_heap_reserve__ = 0x100000
                0x00001000                        __size_of_heap_commit__ = 0x1000
                0x00000000                        __loader_flags__ = 0x0
                0x00000140                        __dll_characteristics__ = 0x140
                0x00010000                        . = 0x10000

.text           0x00010000      0xc00
                0x00010000        0x4 LONG 0x10004 _kmain
                0x00010004                        __code_start = .
 *(.text)
 .text          0x00010004       0xfc ../obj/ckernel.o
                0x00010004                kmain
 .text          0x00010100      0x168 ../obj/paging.o
                0x00010100                page_init
                0x00010167                page_alloc
                0x000101ad                page_free
                0x000101d8                paging_init
 *fill*         0x00010268        0x8 
 .text          0x00010270       0x2d ../obj/flush.o
                0x00010270                gdt_flush
                0x0001028d                idt_flush
                0x00010295                tss_flush
 *fill*         0x0001029d        0x3 
 .text          0x000102a0      0x540 ../obj/idt.o
                0x000102a0                idt_set_gate
                0x000102de                idt_init
 .text          0x000107e0      0x12e ../obj/isr.o
                0x000107e0                isr0
                0x000107ea                isr1
                0x000107f4                isr2
                0x000107fe                isr3
                0x00010808                isr4
                0x00010812                isr5
                0x0001081c                isr6
                0x00010826                isr7
                0x00010830                isr8
                0x00010838                isr9
                0x00010842                isr10
                0x0001084a                isr11
                0x00010852                isr12
                0x0001085a                isr13
                0x00010862                isr14
                0x00010867                isr15
                0x0001086e                isr16
                0x00010875                isr17
                0x0001087c                isr18
                0x00010883                isr19
                0x0001088a                isr20
                0x00010891                isr21
                0x00010898                isr22
                0x0001089f                isr23
                0x000108a6                isr24
                0x000108ad                isr25
                0x000108b4                isr26
                0x000108bb                isr27
                0x000108c2                isr28
                0x000108c9                isr29
                0x000108d0                isr30
                0x000108d5                isr31
                0x000108dc                isr128
 *fill*         0x0001090e        0x2 
 .text          0x00010910       0x54 ../obj/isrc.o
                0x00010910                isr_init
                0x00010911                isr_handler
 .text          0x00010964       0x54 ../obj/syscall.o
                0x00010997                syscall_init
                0x00010998                syscall_dispatch
 .text          0x000109b8      0x174 ../obj/kheap.o
                0x000109de                kmemcpy
                0x00010a0a                kheap_init
                0x00010a29                kmalloc
                0x00010a6e                kfree
                0x00010ab0                krealloc

.rdata          0x00011000      0x200
 .rdata$zzz     0x00011000       0x2c ../obj/ckernel.o
 .rdata$zzz     0x0001102c       0x2c ../obj/paging.o
 .rdata$zzz     0x00011058       0x2c ../obj/idt.o
 .rdata$zzz     0x00011084       0x2c ../obj/isrc.o
 .rdata$zzz     0x000110b0       0x2c ../obj/syscall.o
 .rdata$zzz     0x000110dc       0x2c ../obj/kheap.o

.eh_frame       0x00012000      0x400
 .eh_frame      0x00012000       0x2c ../obj/ckernel.o
 .eh_frame      0x0001202c       0xb8 ../obj/paging.o
 .eh_frame      0x000120e4       0x58 ../obj/idt.o
 .eh_frame      0x0001213c       0x44 ../obj/isrc.o
 .eh_frame      0x00012180       0x54 ../obj/syscall.o
 .eh_frame      0x000121d4       0xe4 ../obj/kheap.o

.rodata         0x000122b8        0x0
                0x000122b8                        __rodata_start = .
 *(.rodata)
 *(.rdata)

.data           0x000122b8      0x200
                0x000122b8                        __data_start = .
 *(.data)
 .data          0x000122b8        0x0 ../obj/ckernel.o
 .data          0x000122b8        0x0 ../obj/paging.o
 .data          0x000122b8        0x0 ../obj/idt.o
 .data          0x000122b8        0x0 ../obj/isrc.o
 .data          0x000122b8        0x4 ../obj/syscall.o
 .data          0x000122bc        0x0 ../obj/kheap.o

.bss            0x00013000   0x402824
                0x00013000                        __bss_start = .
 *(.bss)
 .bss           0x00013000        0x0 ../obj/ckernel.o
 .bss           0x00013000   0x402000 ../obj/paging.o
 .bss           0x00415000      0x820 ../obj/idt.o
 .bss           0x00415820        0x0 ../obj/isrc.o
 .bss           0x00415820        0x0 ../obj/syscall.o
 .bss           0x00415820        0x4 ../obj/kheap.o
 *(COMMON)
                0x00415824                        __bss_end = .
                0x00415824                        __end = .

/DISCARD/
 *(.reloc)
LOAD ../obj/ckernel.o
LOAD ../obj/paging.o
LOAD ../obj/flush.o
LOAD ../obj/idt.o
LOAD ../obj/isr.o
LOAD ../obj/isrc.o
LOAD ../obj/syscall.o
LOAD ../obj/kheap.o
OUTPUT(../obj/kernel.o pei-i386)
LOAD dll stuff
