
Discarded input sections

 .reloc         0x00000000        0x0 dll stuff

Memory Configuration

Name             Origin             Length             Attributes
*default*        0x00000000         0xffffffff

Linker script and memory map

                0x00400000                        __image_base__ = 0x400000
                0x00000000                        __dll__ = 0x0
                0x00400000                        ___ImageBase = 0x400000
                0x00001000                        __section_alignment__ = 0x1000
                0x00000200                        __file_alignment__ = 0x200
                0x00000004                        __major_os_version__ = 0x4
                0x00000000                        __minor_os_version__ = 0x0
                0x00000001                        __major_image_version__ = 0x1
                0x00000000                        __minor_image_version__ = 0x0
                0x00000004                        __major_subsystem_version__ = 0x4
                0x00000000                        __minor_subsystem_version__ = 0x0
                0x00000003                        __subsystem__ = 0x3
                0x00200000                        __size_of_stack_reserve__ = 0x200000
                0x00001000                        __size_of_stack_commit__ = 0x1000
                0x00100000                        __size_of_heap_reserve__ = 0x100000
                0x00001000                        __size_of_heap_commit__ = 0x1000
                0x00000000                        __loader_flags__ = 0x0
                0x00000140                        __dll_characteristics__ = 0x140
                0x00040000                        . = 0x40000

.text           0x00040000     0x6c00
                0x00040000        0x4 LONG 0x40004 _kmain
                0x00040004                        __code_start = .
 *(EXCLUDE_FILE(../obj/data.o ../obj/shared_pages.o) .text .text.*)
 .text          0x00040004      0x5b4 ../obj/ckernel.o
                0x00040004                kmain
 .text          0x000405b8       0x9c ../obj/descriptor_table.o
                0x000405b8                write_tss
                0x00040647                set_kernel_stack
 .text          0x00040654      0x858 ../obj/flpydisk.o
                0x00040654                i86_flpy_irq
                0x0004065c                flpydsk_initialize_dma
                0x00040717                flpydsk_dma_read
                0x0004075a                flpydsk_dma_write
                0x0004079d                flpydsk_read_status
                0x000407b0                flpydsk_write_dor
                0x000407cc                flpydsk_send_command
                0x00040805                flpydsk_read_data
                0x00040834                flpydsk_write_ccr
                0x00040850                flpydsk_wait_irq
                0x00040863                flpydsk_check_int
                0x00040892                flpydsk_control_motor
                0x000408f4                flpydsk_drive_data
                0x00040943                flpydsk_calibrate
                0x000409d3                flpydsk_disable_controller
                0x000409e6                flpydsk_enable_controller
                0x000409f9                flpydsk_reset
                0x00040a72                flpydsk_seek
                0x00040b02                flpydsk_lba_to_chs
                0x00040b4e                flpydsk_install
                0x00040b97                flpydsk_set_working_drive
                0x00040ba5                flpydsk_get_working_drive
                0x00040bad                flpydsk_read_sector_imp
                0x00040c80                flpydsk_read_sector
                0x00040d2b                flpydsk_write_sector_imp
                0x00040dfe                flpydsk_write_sector
 *fill*         0x00040eac        0x4 
 .text          0x00040eb0       0x2d ../obj/flush.o
                0x00040eb0                gdt_flush
                0x00040ecd                idt_flush
                0x00040ed5                tss_flush
 *fill*         0x00040edd        0x3 
 .text          0x00040ee0      0x120 ../obj/fs.o
                0x00040ee0                read_fs
                0x00040f17                write_fs
                0x00040f4e                open_fs
                0x00040f6c                close_fs
                0x00040f86                readdir_fs
                0x00040fc2                finddir_fs
 .text          0x00041000      0x190 ../obj/gdt.o
                0x00041000                gdt_set_gate
                0x00041060                gdt_install
 .text          0x00041190       0x84 ../obj/idt.o
                0x00041190                idt_set_gate
                0x000411d1                idt_install
 .text          0x00041214      0x4c0 ../obj/initrd.o
                0x00041215                initrd_readdir
                0x000412c1                initrd_finddir
                0x000413ed                install_initrd
 .text          0x000416d4      0x3a8 ../obj/irq.o
                0x000416d4                irq_install_handler
                0x000416e4                irq_uninstall_handler
                0x000416f4                irq_remap
                0x000417c3                irq_install
                0x00041a0f                irq_handler
 *fill*         0x00041a7c        0x4 
 .text          0x00041a80      0x1d7 ../obj/isr.o
                0x00041a80                isr0
                0x00041a8a                isr1
                0x00041a94                isr2
                0x00041a9e                isr3
                0x00041aa8                isr4
                0x00041ab2                isr5
                0x00041abc                isr6
                0x00041ac6                isr7
                0x00041ad0                isr8
                0x00041ad8                isr9
                0x00041ae2                isr10
                0x00041aea                isr11
                0x00041af2                isr12
                0x00041afa                isr13
                0x00041b02                isr14
                0x00041b07                isr15
                0x00041b0e                isr16
                0x00041b15                isr17
                0x00041b1a                isr18
                0x00041b21                isr19
                0x00041b28                isr20
                0x00041b2f                isr21
                0x00041b36                isr22
                0x00041b3d                isr23
                0x00041b44                isr24
                0x00041b4b                isr25
                0x00041b52                isr26
                0x00041b59                isr27
                0x00041b60                isr28
                0x00041b67                isr29
                0x00041b6e                isr30
                0x00041b75                isr31
                0x00041b7c                isr127
                0x00041ba2                fault_tail
                0x00041bb5                irq0
                0x00041bbc                irq1
                0x00041bc3                irq2
                0x00041bca                irq3
                0x00041bd1                irq4
                0x00041bd8                irq5
                0x00041bdf                irq6
                0x00041be6                irq7
                0x00041bed                irq8
                0x00041bf4                irq9
                0x00041bfb                irq10
                0x00041c02                irq11
                0x00041c09                irq12
                0x00041c10                irq13
                0x00041c17                irq14
                0x00041c1e                irq15
                0x00041c44                irq_tail
 *fill*         0x00041c57        0x1 
 .text          0x00041c58      0x7b0 ../obj/isrs.o
                0x00041c58                isrs_install
                0x00042103                fault_handler
 .text          0x00042408      0x264 ../obj/keyboard.o
                0x00042408                keyboard_init
                0x0004242d                FetchAndAnalyzeScancode
                0x000424d8                ScanToASCII
                0x00042528                keyboard_handler
                0x00042569                k_checkKQ_and_print_char
                0x0004260c                k_checkKQ_and_return_char
                0x0004264c                keyboard_install
 .text          0x0004266c      0x728 ../obj/kheap.o
                0x0004267e                create_heap
                0x00042795                alloc
                0x00042aed                free
                0x00042d76                kfree
 .text          0x00042d94       0x70 ../obj/math.o
                0x00042d94                k_power
                0x00042dbc                k_abs
                0x00042dc8                k_sqrt
 .text          0x00042e04      0x1dc ../obj/ordered_array.o
                0x00042e04                standard_lessthan_predicate
                0x00042e10                create_ordered_array
                0x00042e71                place_ordered_array
                0x00042eba                destroy_ordered_array
                0x00042ecf                insert_ordered_array
                0x00042f6c                lookup_ordered_array
                0x00042fa7                remove_ordered_array
 .text          0x00042fe0      0x898 ../obj/paging.o
                0x00042fe0                alloc_frame
                0x000430eb                free_frame
                0x0004312d                get_page
                0x000431b6                k_malloc
                0x00043257                clone_directory
                0x000433ea                paging_install
                0x0004360d                analyze_frames_bitset
                0x0004372a                show_physical_address
                0x0004375f                analyze_physical_addresses
 *fill*         0x00043878        0x8 
 .text          0x00043880       0x3b ../obj/process.o
                0x00043880                read_eip
                0x00043883                copy_page_physical
 *fill*         0x000438bb        0x1 
 .text          0x000438bc       0x94 ../obj/syscall.o
                0x000438bc                syscall_puts
                0x000438ca                syscall_putch
                0x000438d9                syscall_settextcolor
                0x000438ed                syscall_getpid
                0x000438f5                syscall_nop
                0x000438fd                syscall_switch_context
                0x00043905                syscall_k_checkKQ_and_print_char
                0x0004390d                syscall_k_checkKQ_and_return_char
                0x00043915                syscall_handler
 .text          0x00043950      0x608 ../obj/task.o
                0x00043950                getpid
                0x00043958                tasking_install
                0x000439f4                create_task
                0x00043ba7                task_switch
                0x00043c1f                switch_context
                0x00043c22                task_log
                0x00043cc7                log_task_list
                0x00043cef                TSS_log
                0x00043e79                fork
 .text          0x00043f58      0x108 ../obj/timer.o
                0x00043f58                timer_handler
                0x00043f71                systemTimer_setFrequency
                0x00043fc4                timer_install
                0x00043feb                timer_uninstall
                0x00043ffe                timer_wait
                0x0004402f                sleepSeconds
                0x00044043                sleepMilliSeconds
 .text          0x00044060      0x484 ../obj/util.o
                0x00044060                sti
                0x00044062                cli
                0x00044064                nop
                0x00044066                initODA
                0x00044091                fetchESP
                0x00044094                fetchEBP
                0x00044097                fetchSS
                0x0004409a                fetchCS
                0x0004409d                fetchDS
                0x000440a0                inportb
                0x000440a6                outportb
                0x000440b0                panic_assert
                0x00044122                k_memshow
                0x00044157                k_memcpy
                0x00044183                k_memset
                0x000441a7                k_memsetw
                0x000441cb                k_strlen
                0x000441e9                k_strcmp
                0x00044212                k_strcpy
                0x0004422f                k_strncpy
                0x00044274                k_strcat
                0x000442ad                reboot
                0x000442dc                k_itoa
                0x0004437d                k_i2hex
                0x000443d6                float2string
 .text          0x000444e4      0x500 ../obj/video.o
                0x000444e4                putpixel
                0x00044504                start_gui
                0x00044506                settextcolor
                0x0004451e                move_cursor_right
                0x00044540                move_cursor_left
                0x00044573                update_cursor
                0x000445e0                k_clear_screen
                0x00044623                move_cursor_home
                0x00044636                move_cursor_end
                0x00044649                set_cursor
                0x00044667                scroll
                0x000446db                putch
                0x000447fe                puts
                0x00044827                k_printf
                0x0004486a                printformat
                0x00044991                save_cursor
                0x000449ba                restore_cursor
 *fill*         0x000449e4        0xc 
 .text          0x000449f0       0x3b ../obj/video_fb.o
                0x000449f0                init_vbe
                0x000449f1                putpixel16
 *fill*         0x00044a2b        0x1 
 .text          0x00044a2c      0xd28 ../obj/program_1.o
                0x00044a2c                vbe_read_modeinfo_early()
                0x00044a75                vbe_init_pm
                0x00044abe                rgb565
                0x00044ae7                gfx_hLine(int, int, int, unsigned short)
                0x00044b5f                gfx_getPixel(int, int)
                0x00044b99                gfx_putPixel(int, int, unsigned short)
                0x00044bd2                gfx_putPixel(int, int, int, unsigned short)
                0x00044ca7                gfx_drawLine(int, int, int, int, unsigned short, int)
                0x00044e26                gfx_drawCircle(int, int, int, unsigned short)
                0x00044f6a                gfx_drawCircle(int, int, int, int, unsigned short)
                0x00044fc3                gfx_drawCircleFill(int, int, int, unsigned short)
                0x00045058                gfx_rectFill
                0x00045108                gfx_rectFrame(int, int, int, int, int, unsigned short)
                0x000451a6                gfx_clear(unsigned short)
                0x000451e0                call_002()
                0x00045273                user_program_1
 ../obj/shared_pages.o(.text)
 .text          0x00045754        0x8 ../obj/shared_pages.o
                0x00045754                getAddressUserProgram
 ../obj/data.o(.text)
 *fill*         0x0004575c        0x4 
 .text          0x00045760     0x1354 ../obj/data.o
                0x00045760                file_data_start
                0x00046ab4                file_data_end

.rodata         0x00046ac0      0xa00
                0x00046ac0                        __rodata_start = .
 *(.rodata)
 *(.rdata)
 .rdata         0x00046ac0      0x160 ../obj/ckernel.o
 .rdata         0x00046c20        0xc ../obj/flpydisk.o
                0x00046c20                DMA_BUFFER
                0x00046c24                FLPY_SECTORS_PER_TRACK
                0x00046c28                FLOPPY_IRQ
 .rdata         0x00046c2c       0x2c ../obj/initrd.o
 .rdata         0x00046c58      0x2bc ../obj/isrs.o
 *fill*         0x00046f14        0xc 
 .rdata         0x00046f20      0x100 ../obj/keyboard.o
 .rdata         0x00047020      0x138 ../obj/kheap.o
 .rdata         0x00047158        0x4 ../obj/math.o
 .rdata         0x0004715c       0x38 ../obj/ordered_array.o
 .rdata         0x00047194       0x3c ../obj/paging.o
 *fill*         0x000471d0       0x10 
 .rdata         0x000471e0       0x20 ../obj/syscall.o
 .rdata         0x00047200       0xd4 ../obj/task.o
 .rdata         0x000472d4       0x44 ../obj/util.o
 .rdata         0x00047318       0x84 ../obj/video.o
 .rdata         0x0004739c       0x20 ../obj/program_1.o

.rdata          0x00048000      0x400
 .rdata$zzz     0x00048000       0x2c ../obj/shared_pages.o
 .rdata$zzz     0x0004802c       0x2c ../obj/ckernel.o
 .rdata$zzz     0x00048058       0x2c ../obj/descriptor_table.o
 .rdata$zzz     0x00048084       0x2c ../obj/flpydisk.o
 .rdata$zzz     0x000480b0       0x2c ../obj/fs.o
 .rdata$zzz     0x000480dc       0x2c ../obj/gdt.o
 .rdata$zzz     0x00048108       0x2c ../obj/idt.o
 .rdata$zzz     0x00048134       0x2c ../obj/initrd.o
 .rdata$zzz     0x00048160       0x2c ../obj/irq.o
 .rdata$zzz     0x0004818c       0x2c ../obj/isrs.o
 .rdata$zzz     0x000481b8       0x2c ../obj/keyboard.o
 .rdata$zzz     0x000481e4       0x2c ../obj/kheap.o
 .rdata$zzz     0x00048210       0x2c ../obj/math.o
 .rdata$zzz     0x0004823c       0x2c ../obj/ordered_array.o
 .rdata$zzz     0x00048268       0x2c ../obj/paging.o
 .rdata$zzz     0x00048294       0x2c ../obj/syscall.o
 .rdata$zzz     0x000482c0       0x2c ../obj/task.o
 .rdata$zzz     0x000482ec       0x2c ../obj/timer.o
 .rdata$zzz     0x00048318       0x2c ../obj/util.o
 .rdata$zzz     0x00048344       0x2c ../obj/video.o
 .rdata$zzz     0x00048370       0x2c ../obj/program_1.o

.eh_frame       0x00049000     0x1a00
 .eh_frame      0x00049000       0x2c ../obj/shared_pages.o
 .eh_frame      0x0004902c       0x58 ../obj/ckernel.o
 .eh_frame      0x00049084       0x50 ../obj/descriptor_table.o
 .eh_frame      0x000490d4      0x380 ../obj/flpydisk.o
 .eh_frame      0x00049454       0xb0 ../obj/fs.o
 .eh_frame      0x00049504       0x6c ../obj/gdt.o
 .eh_frame      0x00049570       0x4c ../obj/idt.o
 .eh_frame      0x000495bc      0x110 ../obj/initrd.o
 .eh_frame      0x000496cc       0xa4 ../obj/irq.o
 .eh_frame      0x00049770       0x74 ../obj/isrs.o
 .eh_frame      0x000497e4       0xe8 ../obj/keyboard.o
 .eh_frame      0x000498cc       0xf4 ../obj/kheap.o
 .eh_frame      0x000499c0       0x5c ../obj/math.o
 .eh_frame      0x00049a1c      0x13c ../obj/ordered_array.o
 .eh_frame      0x00049b58      0x1d8 ../obj/paging.o
 .eh_frame      0x00049d30      0x108 ../obj/syscall.o
 .eh_frame      0x00049e38      0x144 ../obj/task.o
 .eh_frame      0x00049f7c       0xc8 ../obj/timer.o
 .eh_frame      0x0004a044      0x2f4 ../obj/util.o
 .eh_frame      0x0004a338      0x214 ../obj/video.o
 .eh_frame      0x0004a54c      0x2b8 ../obj/program_1.o

.data           0x0004a820      0x200
                0x0004a820                        __data_start = .
 *(.data)
 .data          0x0004a820        0x0 ../obj/shared_pages.o
 .data          0x0004a820        0x0 ../obj/ckernel.o
 .data          0x0004a820        0x0 ../obj/descriptor_table.o
 .data          0x0004a820        0x0 ../obj/flpydisk.o
 .data          0x0004a820        0x0 ../obj/fs.o
 .data          0x0004a820        0x0 ../obj/gdt.o
 .data          0x0004a820        0x0 ../obj/idt.o
 .data          0x0004a820        0x0 ../obj/initrd.o
 .data          0x0004a820        0x0 ../obj/irq.o
 .data          0x0004a820       0x80 ../obj/isrs.o
                0x0004a820                exception_messages
 .data          0x0004a8a0        0x0 ../obj/keyboard.o
 .data          0x0004a8a0        0x0 ../obj/kheap.o
 .data          0x0004a8a0        0x0 ../obj/math.o
 .data          0x0004a8a0        0x0 ../obj/ordered_array.o
 .data          0x0004a8a0        0x4 ../obj/paging.o
                0x0004a8a0                ULONG_MAX
 .data          0x0004a8a4        0x0 ../obj/syscall.o
 .data          0x0004a8a4        0x4 ../obj/task.o
                0x0004a8a4                next_pid
 .data          0x0004a8a8        0x0 ../obj/timer.o
 .data          0x0004a8a8        0x8 ../obj/util.o
                0x0004a8a8                pODA
                0x0004a8ac                INT_MAX
 .data          0x0004a8b0        0xc ../obj/video.o
                0x0004a8b0                gui_vidmem
                0x0004a8b4                tui_vidmem
                0x0004a8b8                attrib
 .data          0x0004a8bc        0x0 ../obj/program_1.o

.bss            0x0004a8c0     0x4bd0
                0x0004a8c0                        __bss_start = .
 *(.bss)
 .bss           0x0004a8c0        0x0 ../obj/shared_pages.o
 .bss           0x0004a8c0     0x4120 ../obj/ckernel.o
                0x0004a8c0                Mem_Chunk
                0x0004a9b0                flag1
                0x0004a9c0                buf
                0x0004c9c0                address_TEST
                0x0004e9c0                address_user
 .bss           0x0004e9e0       0x80 ../obj/descriptor_table.o
                0x0004e9e0                tss
 .bss           0x0004ea60        0x4 ../obj/flpydisk.o
                0x0004ea60                _FloppyDiskIRQ
 .bss           0x0004ea64        0x4 ../obj/fs.o
                0x0004ea64                fs_root
 *fill*         0x0004ea68       0x18 
 .bss           0x0004ea80       0x60 ../obj/gdt.o
                0x0004ea80                gdt_register
                0x0004eaa0                gdt
 .bss           0x0004eae0      0x820 ../obj/idt.o
                0x0004eae0                idt_register
                0x0004eb00                idt
 .bss           0x0004f300       0xa0 ../obj/initrd.o
                0x0004f300                dirent
                0x0004f384                nroot_nodes
                0x0004f388                root_nodes
                0x0004f38c                initrd_dev
                0x0004f390                initrd_root
                0x0004f394                file_headers
                0x0004f398                initrd_header
 .bss           0x0004f3a0       0x40 ../obj/irq.o
                0x0004f3a0                irq_routines
 .bss           0x0004f3e0        0x0 ../obj/isrs.o
 .bss           0x0004f3e0        0x4 ../obj/keyboard.o
                0x0004f3e0                scan
                0x0004f3e1                KeyPressed
                0x0004f3e2                ShiftKeyDown
 .bss           0x0004f3e4        0x4 ../obj/kheap.o
                0x0004f3e4                kheap
 .bss           0x0004f3e8        0x0 ../obj/math.o
 .bss           0x0004f3e8        0x0 ../obj/ordered_array.o
 .bss           0x0004f3e8       0x18 ../obj/paging.o
                0x0004f3e8                offs
                0x0004f3ec                ind
                0x0004f3f0                frames
                0x0004f3f4                placement_address
                0x0004f3f8                current_directory
                0x0004f3fc                kernel_directory
 .bss           0x0004f400        0x0 ../obj/syscall.o
 .bss           0x0004f400        0x8 ../obj/task.o
                0x0004f400                ready_queue
                0x0004f404                current_task
 .bss           0x0004f408        0x8 ../obj/timer.o
                0x0004f408                eticks
                0x0004f40c                timer_ticks
 *fill*         0x0004f410       0x10 
 .bss           0x0004f420       0x60 ../obj/util.o
                0x0004f420                ODA
 .bss           0x0004f480        0x4 ../obj/video.o
                0x0004f480                saved_csr_y
                0x0004f481                saved_csr_x
                0x0004f482                csr_y
                0x0004f483                csr_x
 .bss           0x0004f484        0xc ../obj/program_1.o
                0x0004f484                lfb_bpp
                0x0004f486                lfb_yres
                0x0004f488                lfb_xres
                0x0004f48a                lfb_pitch
                0x0004f48c                lfb_base
 *(COMMON)
                0x0004f490                        __bss_end = .

/DISCARD/
 *(.reloc)
                0x0004f490                        __end = .
LOAD ../obj/ckernel.o
LOAD ../obj/data.o
LOAD ../obj/descriptor_table.o
LOAD ../obj/flpydisk.o
LOAD ../obj/flush.o
LOAD ../obj/fs.o
LOAD ../obj/gdt.o
LOAD ../obj/idt.o
LOAD ../obj/initrd.o
LOAD ../obj/irq.o
LOAD ../obj/isr.o
LOAD ../obj/isrs.o
LOAD ../obj/keyboard.o
LOAD ../obj/kheap.o
LOAD ../obj/math.o
LOAD ../obj/ordered_array.o
LOAD ../obj/paging.o
LOAD ../obj/process.o
LOAD ../obj/shared_pages.o
LOAD ../obj/syscall.o
LOAD ../obj/task.o
LOAD ../obj/timer.o
LOAD ../obj/util.o
LOAD ../obj/video.o
LOAD ../obj/video_fb.o
LOAD ../obj/program_1.o
OUTPUT(../obj/kernel.o pei-i386)
LOAD dll stuff
