
Discarded input sections

 .reloc         0x00000000        0x0 dll stuff

Memory Configuration

Name             Origin             Length             Attributes
*default*        0x00000000         0xffffffff

Linker script and memory map

                0x00400000                        __image_base__ = 0x400000
                0x00000000                        __dll__ = 0x0
                0x00400000                        ___ImageBase = 0x400000
                0x00001000                        __section_alignment__ = 0x1000
                0x00000200                        __file_alignment__ = 0x200
                0x00000004                        __major_os_version__ = 0x4
                0x00000000                        __minor_os_version__ = 0x0
                0x00000001                        __major_image_version__ = 0x1
                0x00000000                        __minor_image_version__ = 0x0
                0x00000004                        __major_subsystem_version__ = 0x4
                0x00000000                        __minor_subsystem_version__ = 0x0
                0x00000003                        __subsystem__ = 0x3
                0x00200000                        __size_of_stack_reserve__ = 0x200000
                0x00001000                        __size_of_stack_commit__ = 0x1000
                0x00100000                        __size_of_heap_reserve__ = 0x100000
                0x00001000                        __size_of_heap_commit__ = 0x1000
                0x00000000                        __loader_flags__ = 0x0
                0x00000140                        __dll_characteristics__ = 0x140
                0x00400000                        . = 0x400000

.text           0x00400000     0x8200
                0x00400000        0x4 LONG 0x400032 _kmain
                0x00400004                        __code_start = .
 *(EXCLUDE_FILE(../obj/data.o ../obj/shared_pages.o) .text .text.*)
 .text          0x00400004      0x7e0 ../obj/ckernel.o
                0x00400032                kmain
 .text          0x004007e4       0xac ../obj/descriptor_table.o
                0x004007e4                write_tss
                0x00400880                set_kernel_stack
 .text          0x00400890      0x928 ../obj/flpydisk.o
                0x00400890                flpydsk_initialize_dma
                0x0040094d                flpydsk_dma_read
                0x00400992                flpydsk_dma_write
                0x004009d7                flpydsk_read_status
                0x004009eb                flpydsk_write_dor
                0x00400a0e                flpydsk_send_command
                0x00400a51                flpydsk_read_data
                0x00400a8b                flpydsk_write_ccr
                0x00400aae                flpydsk_wait_irq
                0x00400ac7                i86_flpy_irq
                0x00400ad4                flpydsk_check_int
                0x00400b03                flpydsk_control_motor
                0x00400bac                flpydsk_drive_data
                0x00400c15                flpydsk_calibrate
                0x00400ca5                flpydsk_disable_controller
                0x00400cba                flpydsk_enable_controller
                0x00400ccf                flpydsk_reset
                0x00400d4e                flpydsk_seek
                0x00400dde                flpydsk_lba_to_chs
                0x00400e3e                flpydsk_install
                0x00400e88                flpydsk_set_working_drive
                0x00400ea6                flpydsk_get_working_drive
                0x00400eb2                flpydsk_read_sector_imp
                0x00400f84                flpydsk_read_sector
                0x00401034                flpydsk_write_sector_imp
                0x00401106                flpydsk_write_sector
 *fill*         0x004011b8        0x8 
 .text          0x004011c0       0x2d ../obj/flush.o
                0x004011c0                gdt_flush
                0x004011dd                idt_flush
                0x004011e5                tss_flush
 *fill*         0x004011ed        0x3 
 .text          0x004011f0      0x170 ../obj/fs.o
                0x004011f0                read_fs
                0x00401232                write_fs
                0x00401274                open_fs
                0x004012ad                close_fs
                0x004012d3                readdir_fs
                0x00401318                finddir_fs
 .text          0x00401360      0x1c4 ../obj/gdt.o
                0x00401360                gdt_set_gate
                0x004013fe                gdt_install
 .text          0x00401524       0xb4 ../obj/idt.o
                0x00401524                idt_set_gate
                0x00401591                idt_install
 .text          0x004015d8      0x6c4 ../obj/initrd.o
                0x0040166b                initrd_readdir
                0x0040173a                initrd_finddir
                0x0040180a                install_initrd
 .text          0x00401c9c      0x3e4 ../obj/irq.o
                0x00401c9c                irq_install_handler
                0x00401caf                irq_uninstall_handler
                0x00401cc3                irq_remap
                0x00401d94                irq_install
                0x00401ff2                irq_handler
 .text          0x00402080      0x1d7 ../obj/isr.o
                0x00402080                isr0
                0x0040208a                isr1
                0x00402094                isr2
                0x0040209e                isr3
                0x004020a8                isr4
                0x004020b2                isr5
                0x004020bc                isr6
                0x004020c6                isr7
                0x004020d0                isr8
                0x004020d8                isr9
                0x004020e2                isr10
                0x004020ea                isr11
                0x004020f2                isr12
                0x004020fa                isr13
                0x00402102                isr14
                0x00402107                isr15
                0x0040210e                isr16
                0x00402115                isr17
                0x0040211a                isr18
                0x00402121                isr19
                0x00402128                isr20
                0x0040212f                isr21
                0x00402136                isr22
                0x0040213d                isr23
                0x00402144                isr24
                0x0040214b                isr25
                0x00402152                isr26
                0x00402159                isr27
                0x00402160                isr28
                0x00402167                isr29
                0x0040216e                isr30
                0x00402175                isr31
                0x0040217c                isr127
                0x004021a2                fault_tail
                0x004021b5                irq0
                0x004021bc                irq1
                0x004021c3                irq2
                0x004021ca                irq3
                0x004021d1                irq4
                0x004021d8                irq5
                0x004021df                irq6
                0x004021e6                irq7
                0x004021ed                irq8
                0x004021f4                irq9
                0x004021fb                irq10
                0x00402202                irq11
                0x00402209                irq12
                0x00402210                irq13
                0x00402217                irq14
                0x0040221e                irq15
                0x00402244                irq_tail
 *fill*         0x00402257        0x1 
 .text          0x00402258      0x850 ../obj/isrs.o
                0x00402258                isrs_install
                0x00402726                fault_handler
 .text          0x00402aa8      0x398 ../obj/keyboard.o
                0x00402aa8                keyboard_init
                0x00402ad3                FetchAndAnalyzeScancode
                0x00402ba9                ScanToASCII
                0x00402c1c                keyboard_handler
                0x00402c99                k_checkKQ_and_print_char
                0x00402d8e                k_checkKQ_and_return_char
                0x00402e1c                keyboard_install
 .text          0x00402e40      0x9bc ../obj/kheap.o
                0x00402e40                kfree
                0x004030fe                create_heap
                0x0040324f                alloc
                0x00403570                free
 .text          0x004037fc       0xb4 ../obj/math.o
                0x004037fc                k_power
                0x0040383a                k_abs
                0x00403849                k_sqrt
 .text          0x004038b0      0x284 ../obj/ordered_array.o
                0x004038b0                standard_lessthan_predicate
                0x004038be                create_ordered_array
                0x00403932                place_ordered_array
                0x0040398b                destroy_ordered_array
                0x004039a1                insert_ordered_array
                0x00403aab                lookup_ordered_array
                0x00403ae9                remove_ordered_array
 .text          0x00403b34      0xb48 ../obj/paging.o
                0x00403b34                k_malloc
                0x00403d5e                alloc_frame
                0x00403e06                free_frame
                0x00403e3a                paging_install
                0x004040ae                get_page
                0x004042f4                clone_directory
                0x00404403                analyze_frames_bitset
                0x00404512                show_physical_address
                0x00404550                analyze_physical_addresses
 *fill*         0x0040467c        0x4 
 .text          0x00404680       0x3b ../obj/process.o
                0x00404680                read_eip
                0x00404683                copy_page_physical
 *fill*         0x004046bb        0x1 
 .text          0x004046bc      0x144 ../obj/syscall.o
                0x004046bc                syscall_puts
                0x004046da                syscall_putch
                0x004046ff                syscall_settextcolor
                0x0040472e                syscall_getpid
                0x00404743                syscall_nop
                0x00404758                syscall_switch_context
                0x0040476d                syscall_k_checkKQ_and_print_char
                0x00404782                syscall_k_checkKQ_and_return_char
                0x00404797                syscall_handler
 .text          0x00404800      0x794 ../obj/task.o
                0x00404800                getpid
                0x0040480c                tasking_install
                0x004048c9                create_task
                0x00404afd                task_switch
                0x00404baa                switch_context
                0x00404bb2                log_task_list
                0x00404bec                task_log
                0x00404ca2                TSS_log
                0x00404e61                fork
 .text          0x00404f94      0x128 ../obj/timer.o
                0x00404f94                timer_handler
                0x00404fbd                timer_wait
                0x00404fe9                sleepSeconds
                0x00405000                sleepMilliSeconds
                0x00405020                systemTimer_setFrequency
                0x0040507c                timer_install
                0x004050a5                timer_uninstall
 .text          0x004050bc      0x654 ../obj/util.o
                0x004050bc                sti
                0x004050c3                cli
                0x004050ca                nop
                0x004050d1                initODA
                0x00405127                fetchESP
                0x00405137                fetchEBP
                0x00405147                fetchSS
                0x0040514e                fetchCS
                0x00405155                fetchDS
                0x0040515c                inportb
                0x00405170                outportb
                0x0040517d                panic_assert
                0x004051f4                k_memshow
                0x00405237                k_memcpy
                0x00405271                k_memset
                0x004052a3                k_memsetw
                0x004052d7                k_strlen
                0x004052fd                k_strcmp
                0x0040533c                k_strcpy
                0x00405365                k_strncpy
                0x004053c4                k_strcat
                0x00405410                reboot
                0x0040545c                k_itoa
                0x00405551                k_i2hex
                0x004055be                float2string
 .text          0x00405710      0x690 ../obj/video.o
                0x00405710                putpixel
                0x0040573f                start_gui
                0x00405745                k_clear_screen
                0x0040578d                settextcolor
                0x004057b9                move_cursor_right
                0x004057ef                move_cursor_left
                0x0040583b                move_cursor_home
                0x00405850                move_cursor_end
                0x00405865                set_cursor
                0x00405891                update_cursor
                0x0040591a                putch
                0x00405a9c                puts
                0x00405ac7                scroll
                0x00405b78                k_printf
                0x00405bc3                printformat
                0x00405d47                save_cursor
                0x00405d72                restore_cursor
 .text          0x00405da0       0x3b ../obj/video_fb.o
                0x00405da0                init_vbe
                0x00405da1                putpixel16
 *fill*         0x00405ddb        0x1 
 .text          0x00405ddc      0xf44 ../obj/program_1.o
                0x00405ddc                vbe_read_modeinfo_early()
                0x00405e30                vbe_init_pm
                0x00405e83                rgb565(unsigned char, unsigned char, unsigned char)
                0x00405edf                gfx_hLine(int, int, int, unsigned short)
                0x00405fb1                gfx_getPixel(int, int)
                0x00406018                gfx_putPixel(int, int, unsigned short)
                0x00406081                gfx_putPixel(int, int, int, unsigned short)
                0x004061a4                gfx_drawLine(int, int, int, int, unsigned short, int)
                0x004062d4                gfx_drawCircle(int, int, int, unsigned short)
                0x0040645a                gfx_drawCircle(int, int, int, int, unsigned short)
                0x004064d7                gfx_drawCircleFill(int, int, int, unsigned short)
                0x00406599                gfx_rectFill(int, int, int, int, unsigned short)
                0x0040668f                gfx_rectFrame(int, int, int, int, int, unsigned short)
                0x0040674f                gfx_clear(unsigned short)
                0x00406797                call_002()
                0x0040687d                user_program_1
 ../obj/shared_pages.o(.text)
 .text          0x00406d20        0xc ../obj/shared_pages.o
                0x00406d20                getAddressUserProgram
 ../obj/data.o(.text)
 *fill*         0x00406d2c        0x4 
 .text          0x00406d30     0x1354 ../obj/data.o
                0x00406d30                file_data_start
                0x00408084                file_data_end
                0x00409000                        . = ALIGN (0x1000)

.rodata         0x00409000      0x800
                0x00409000                        __rodata_start = .
 *(.rodata)
 *(.rdata)
 .rdata         0x00409000      0x160 ../obj/ckernel.o
 .rdata         0x00409160        0xc ../obj/flpydisk.o
                0x00409160                FLOPPY_IRQ
                0x00409164                FLPY_SECTORS_PER_TRACK
                0x00409168                DMA_BUFFER
 .rdata         0x0040916c       0x2c ../obj/initrd.o
 .rdata         0x00409198      0x2bc ../obj/isrs.o
 .rdata         0x00409454       0x2c ../obj/keyboard.o
 .rdata         0x00409480      0x138 ../obj/kheap.o
 .rdata         0x004095b8        0x8 ../obj/math.o
 .rdata         0x004095c0       0x38 ../obj/ordered_array.o
 .rdata         0x004095f8       0x3c ../obj/paging.o
 .rdata         0x00409634       0xd4 ../obj/task.o
 .rdata         0x00409708       0x44 ../obj/util.o
 .rdata         0x0040974c       0x84 ../obj/video.o
 .rdata         0x004097d0       0x20 ../obj/program_1.o

.rdata          0x0040a000      0x400
 .rdata$zzz     0x0040a000       0x2c ../obj/shared_pages.o
 .rdata$zzz     0x0040a02c       0x2c ../obj/ckernel.o
 .rdata$zzz     0x0040a058       0x2c ../obj/descriptor_table.o
 .rdata$zzz     0x0040a084       0x2c ../obj/flpydisk.o
 .rdata$zzz     0x0040a0b0       0x2c ../obj/fs.o
 .rdata$zzz     0x0040a0dc       0x2c ../obj/gdt.o
 .rdata$zzz     0x0040a108       0x2c ../obj/idt.o
 .rdata$zzz     0x0040a134       0x2c ../obj/initrd.o
 .rdata$zzz     0x0040a160       0x2c ../obj/irq.o
 .rdata$zzz     0x0040a18c       0x2c ../obj/isrs.o
 .rdata$zzz     0x0040a1b8       0x2c ../obj/keyboard.o
 .rdata$zzz     0x0040a1e4       0x2c ../obj/kheap.o
 .rdata$zzz     0x0040a210       0x2c ../obj/math.o
 .rdata$zzz     0x0040a23c       0x2c ../obj/ordered_array.o
 .rdata$zzz     0x0040a268       0x2c ../obj/paging.o
 .rdata$zzz     0x0040a294       0x2c ../obj/syscall.o
 .rdata$zzz     0x0040a2c0       0x2c ../obj/task.o
 .rdata$zzz     0x0040a2ec       0x2c ../obj/timer.o
 .rdata$zzz     0x0040a318       0x2c ../obj/util.o
 .rdata$zzz     0x0040a344       0x2c ../obj/video.o
 .rdata$zzz     0x0040a370       0x2c ../obj/program_1.o

.eh_frame       0x0040b000     0x1a00
 .eh_frame      0x0040b000       0x38 ../obj/shared_pages.o
 .eh_frame      0x0040b038       0x58 ../obj/ckernel.o
 .eh_frame      0x0040b090       0x58 ../obj/descriptor_table.o
 .eh_frame      0x0040b0e8      0x358 ../obj/flpydisk.o
 .eh_frame      0x0040b440       0xd8 ../obj/fs.o
 .eh_frame      0x0040b518       0x58 ../obj/gdt.o
 .eh_frame      0x0040b570       0x58 ../obj/idt.o
 .eh_frame      0x0040b5c8       0xd8 ../obj/initrd.o
 .eh_frame      0x0040b6a0       0xb8 ../obj/irq.o
 .eh_frame      0x0040b758       0x68 ../obj/isrs.o
 .eh_frame      0x0040b7c0       0xf8 ../obj/keyboard.o
 .eh_frame      0x0040b8b8      0x128 ../obj/kheap.o
 .eh_frame      0x0040b9e0       0x78 ../obj/math.o
 .eh_frame      0x0040ba58       0xfc ../obj/ordered_array.o
 .eh_frame      0x0040bb54      0x1e8 ../obj/paging.o
 .eh_frame      0x0040bd3c      0x150 ../obj/syscall.o
 .eh_frame      0x0040be8c      0x138 ../obj/task.o
 .eh_frame      0x0040bfc4       0xf8 ../obj/timer.o
 .eh_frame      0x0040c0bc      0x334 ../obj/util.o
 .eh_frame      0x0040c3f0      0x244 ../obj/video.o
 .eh_frame      0x0040c634      0x218 ../obj/program_1.o
                0x0040d000                        . = ALIGN (0x1000)

.data           0x0040d000      0x200
                0x0040d000                        __data_start = .
 *(.data)
 .data          0x0040d000        0x0 ../obj/shared_pages.o
 .data          0x0040d000        0x0 ../obj/ckernel.o
 .data          0x0040d000        0x0 ../obj/descriptor_table.o
 .data          0x0040d000        0x0 ../obj/flpydisk.o
 .data          0x0040d000        0x0 ../obj/fs.o
 .data          0x0040d000        0x0 ../obj/gdt.o
 .data          0x0040d000        0x0 ../obj/idt.o
 .data          0x0040d000        0x0 ../obj/initrd.o
 .data          0x0040d000        0x0 ../obj/irq.o
 .data          0x0040d000       0x80 ../obj/isrs.o
                0x0040d000                exception_messages
 .data          0x0040d080       0xc0 ../obj/keyboard.o
 .data          0x0040d140        0x0 ../obj/kheap.o
 .data          0x0040d140        0x0 ../obj/math.o
 .data          0x0040d140        0x0 ../obj/ordered_array.o
 .data          0x0040d140        0x4 ../obj/paging.o
                0x0040d140                ULONG_MAX
 *fill*         0x0040d144       0x1c 
 .data          0x0040d160       0x20 ../obj/syscall.o
 .data          0x0040d180        0x4 ../obj/task.o
                0x0040d180                next_pid
 .data          0x0040d184        0x0 ../obj/timer.o
 .data          0x0040d184        0x8 ../obj/util.o
                0x0040d184                INT_MAX
                0x0040d188                pODA
 .data          0x0040d18c        0xc ../obj/video.o
                0x0040d18c                attrib
                0x0040d190                tui_vidmem
                0x0040d194                gui_vidmem
 .data          0x0040d198        0x0 ../obj/program_1.o
                0x0040e000                        . = ALIGN (0x1000)

.bss            0x0040e000     0x4bf0
                0x0040e000                        __bss_start = .
 *(.bss)
 .bss           0x0040e000        0x0 ../obj/shared_pages.o
 .bss           0x0040e000     0x4140 ../obj/ckernel.o
                0x0040e000                address_user
                0x0040e020                address_TEST
                0x00410020                buf
                0x00412020                flag1
                0x00412040                Mem_Chunk
 .bss           0x00412140       0x80 ../obj/descriptor_table.o
                0x00412140                tss
 .bss           0x004121c0        0x4 ../obj/flpydisk.o
                0x004121c0                _FloppyDiskIRQ
 .bss           0x004121c4        0x4 ../obj/fs.o
                0x004121c4                fs_root
 *fill*         0x004121c8       0x18 
 .bss           0x004121e0       0x40 ../obj/gdt.o
                0x004121e0                gdt
                0x00412210                gdt_register
 .bss           0x00412220      0x820 ../obj/idt.o
                0x00412220                idt
                0x00412a20                idt_register
 .bss           0x00412a40       0xc0 ../obj/initrd.o
                0x00412a40                initrd_header
                0x00412a44                file_headers
                0x00412a48                initrd_root
                0x00412a4c                initrd_dev
                0x00412a50                root_nodes
                0x00412a54                nroot_nodes
                0x00412a60                dirent
 .bss           0x00412b00       0x40 ../obj/irq.o
                0x00412b00                irq_routines
 .bss           0x00412b40        0x0 ../obj/isrs.o
 .bss           0x00412b40        0x4 ../obj/keyboard.o
                0x00412b40                ShiftKeyDown
                0x00412b41                KeyPressed
                0x00412b42                scan
 .bss           0x00412b44        0x4 ../obj/kheap.o
                0x00412b44                kheap
 .bss           0x00412b48        0x0 ../obj/math.o
 .bss           0x00412b48        0x0 ../obj/ordered_array.o
 .bss           0x00412b48       0x18 ../obj/paging.o
                0x00412b48                kernel_directory
                0x00412b4c                current_directory
                0x00412b50                placement_address
                0x00412b54                frames
                0x00412b58                ind
                0x00412b5c                offs
 .bss           0x00412b60        0x0 ../obj/syscall.o
 .bss           0x00412b60        0x8 ../obj/task.o
                0x00412b60                current_task
                0x00412b64                ready_queue
 .bss           0x00412b68        0x8 ../obj/timer.o
                0x00412b68                timer_ticks
                0x00412b6c                eticks
 *fill*         0x00412b70       0x10 
 .bss           0x00412b80       0x60 ../obj/util.o
                0x00412b80                ODA
 .bss           0x00412be0        0x4 ../obj/video.o
                0x00412be0                csr_x
                0x00412be1                csr_y
                0x00412be2                saved_csr_x
                0x00412be3                saved_csr_y
 .bss           0x00412be4        0xc ../obj/program_1.o
                0x00412be4                lfb_base
                0x00412be8                lfb_pitch
                0x00412bea                lfb_xres
                0x00412bec                lfb_yres
                0x00412bee                lfb_bpp
 *(COMMON)
                0x00412bf0                        __bss_end = .
                0x00412bf0                        __end = .

/DISCARD/
 *(.reloc)
LOAD ../obj/ckernel.o
LOAD ../obj/data.o
LOAD ../obj/descriptor_table.o
LOAD ../obj/flpydisk.o
LOAD ../obj/flush.o
LOAD ../obj/fs.o
LOAD ../obj/gdt.o
LOAD ../obj/idt.o
LOAD ../obj/initrd.o
LOAD ../obj/irq.o
LOAD ../obj/isr.o
LOAD ../obj/isrs.o
LOAD ../obj/keyboard.o
LOAD ../obj/kheap.o
LOAD ../obj/math.o
LOAD ../obj/ordered_array.o
LOAD ../obj/paging.o
LOAD ../obj/process.o
LOAD ../obj/shared_pages.o
LOAD ../obj/syscall.o
LOAD ../obj/task.o
LOAD ../obj/timer.o
LOAD ../obj/util.o
LOAD ../obj/video.o
LOAD ../obj/video_fb.o
LOAD ../obj/program_1.o
OUTPUT(../obj/kernel.o pei-i386)
LOAD dll stuff
