
Discarded input sections

 .reloc         0x00000000        0x0 dll stuff

Memory Configuration

Name             Origin             Length             Attributes
*default*        0x00000000         0xffffffff

Linker script and memory map

                0x00400000                        __image_base__ = 0x400000
                0x00000000                        __dll__ = 0x0
                0x00400000                        ___ImageBase = 0x400000
                0x00001000                        __section_alignment__ = 0x1000
                0x00000200                        __file_alignment__ = 0x200
                0x00000004                        __major_os_version__ = 0x4
                0x00000000                        __minor_os_version__ = 0x0
                0x00000001                        __major_image_version__ = 0x1
                0x00000000                        __minor_image_version__ = 0x0
                0x00000004                        __major_subsystem_version__ = 0x4
                0x00000000                        __minor_subsystem_version__ = 0x0
                0x00000003                        __subsystem__ = 0x3
                0x00200000                        __size_of_stack_reserve__ = 0x200000
                0x00001000                        __size_of_stack_commit__ = 0x1000
                0x00100000                        __size_of_heap_reserve__ = 0x100000
                0x00001000                        __size_of_heap_commit__ = 0x1000
                0x00000000                        __loader_flags__ = 0x0
                0x00000140                        __dll_characteristics__ = 0x140
                0x00010000                        . = 0x10000

.text           0x00010000     0x6800
                0x00010000        0x4 LONG 0x10004 _kmain
                0x00010004                        __code_start = .
 *(.text)
 .text          0x00010004       0xac ../obj/ckernel.o
                0x00010004                kmain
 *fill*         0x000100b0       0x10 
 .text          0x000100c0      0x380 ../obj/paging.o
                0x000100c0                map_range_identity
                0x0001018a                page_allocator_add_page
                0x000101af                page_init
                0x000101b0                page_alloc
                0x000101ff                page_free
                0x0001022a                mmio_map
                0x0001034e                paging_init
 .text          0x00010440       0x3b ../obj/flush.o
                0x00010440                _gdt_flush
                0x0001045d                _tss_flush
                0x00010473                idt_flush
 *fill*         0x0001047b        0x1 
 .text          0x0001047c      0x540 ../obj/idt.o
                0x0001047c                idt_set_gate
                0x000104ba                idt_init
 *fill*         0x000109bc        0x4 
 .text          0x000109c0      0x12e ../obj/isr.o
                0x000109c0                isr0
                0x000109ca                isr1
                0x000109d4                isr2
                0x000109de                isr3
                0x000109e8                isr4
                0x000109f2                isr5
                0x000109fc                isr6
                0x00010a06                isr7
                0x00010a10                isr8
                0x00010a18                isr9
                0x00010a22                isr10
                0x00010a2a                isr11
                0x00010a32                isr12
                0x00010a3a                isr13
                0x00010a42                isr14
                0x00010a47                isr15
                0x00010a4e                isr16
                0x00010a55                isr17
                0x00010a5c                isr18
                0x00010a63                isr19
                0x00010a6a                isr20
                0x00010a71                isr21
                0x00010a78                isr22
                0x00010a7f                isr23
                0x00010a86                isr24
                0x00010a8d                isr25
                0x00010a94                isr26
                0x00010a9b                isr27
                0x00010aa2                isr28
                0x00010aa9                isr29
                0x00010ab0                isr30
                0x00010ab5                isr31
                0x00010abc                isr128
 *fill*         0x00010aee        0x2 
 .text          0x00010af0       0xd8 ../obj/irqc.o
                0x00010af0                irq_remap
                0x00010b2f                irq_handler
                0x00010b74                irq_init
 *fill*         0x00010bc8        0x8 
 .text          0x00010bd0       0x36 ../obj/irq.o
                0x00010bd0                irq0
                0x00010bd7                irq1
 *fill*         0x00010c06        0x2 
 .text          0x00010c08       0x54 ../obj/isrc.o
                0x00010c08                isr_init
                0x00010c09                isr_handler
 *fill*         0x00010c5c        0x4 
 .text          0x00010c60      0x180 ../obj/gdt.o
                0x00010c60                tss_set_kernel_stack
                0x00010c6a                gdt_init
 .text          0x00010de0       0x54 ../obj/syscall.o
                0x00010e13                syscall_init
                0x00010e14                syscall_dispatch
 .text          0x00010e34       0x30 ../obj/timer.o
                0x00010e34                timer_tick
 *fill*         0x00010e64       0x1c 
 .text          0x00010e80       0xa0 ../obj/math.o
                0x00010e80                k_power
                0x00010eae                k_abs
                0x00010eba                k_sqrt
 .text          0x00010f20       0x1d ../obj/usermode.o
                0x00010f20                enter_usermode
 *fill*         0x00010f3d        0x3 
 .text          0x00010f40       0x18 ../obj/usermodec.o
                0x00010f40                user_mode_main
 *fill*         0x00010f58        0x8 
 .text          0x00010f60      0x1f0 ../obj/task.o
                0x00010f91                tasking_is_enabled
                0x00010f97                tasking_init
                0x00010fe4                task_create
                0x00011074                schedule
 *fill*         0x00011150       0x30 
 .text          0x00011180      0x640 ../obj/iso9660.o
                0x00011180                iso_mount
                0x0001124b                iso_init
                0x000112af                iso_find_file(char const*, unsigned int*, unsigned int*)
                0x000115e3                file_open(char const*)
                0x00011635                file_read(iso_file*, void*, unsigned int)
                0x00011743                file_getch(iso_file*)
                0x00011777                file_seek(iso_file*, unsigned int)
                0x0001179d                file_close(iso_file*)
 .text          0x000117c0      0x488 ../obj/video.o
                0x000117c0                settextcolor
                0x000117d8                move_cursor_right
                0x000117fa                move_cursor_left
                0x0001182d                update_cursor
                0x0001186e                k_clear_screen
                0x000118b1                move_cursor_home
                0x000118be                move_cursor_end
                0x000118cb                set_cursor
                0x000118e3                scroll
                0x0001195a                putch
                0x00011a7e                puts
                0x00011aa7                kprintf
                0x00011aea                printformat
                0x00011c11                save_cursor
                0x00011c2c                restore_cursor
 *fill*         0x00011c48       0x18 
 .text          0x00011c60      0xae0 ../obj/vga.o
                0x00011c60                gfx_init
                0x00011d10                gfx_clear(unsigned short)
                0x00011d83                gfx_rgbColor(unsigned char, unsigned char, unsigned char)
                0x00011dac                gfx_hLine(int, int, int, unsigned short)
                0x00011e2d                gfx_getPixel(int, int)
                0x00011e69                gfx_putPixel(int, int, unsigned short)
                0x00011ea5                gfx_putPixel(int, int, int, unsigned short)
                0x00011f98                gfx_drawLine(int, int, int, int, int, unsigned short)
                0x000120e4                gfx_drawCircle(int, int, int, unsigned short)
                0x00012228                gfx_drawCircle(int, int, int, int, unsigned short)
                0x00012281                gfx_drawCircleFill(int, int, int, unsigned short)
                0x00012372                gfx_rectFill(int, int, int, int, unsigned short)
                0x0001242e                gfx_rectFrame(int, int, int, int, int, unsigned short)
                0x000124cc                gfx_drawChar(int, int, unsigned char, unsigned short, unsigned short)
                0x00012558                gfx_putChar(char)
                0x000125d4                gfx_print(char const*)
                0x000125fd                gfx_printf(char*, ...)
 .text          0x00012740      0xb80 ../obj/bitmap.o
                0x00012760                bmp_show_from_iso_16bpp565
                0x00012c7d                blit565_colorkey
                0x00012d7a                bmp_load_16bpp565_to_sprite
                0x00013192                show_bmp_with_germany_flag
 .text          0x000132c0      0x380 ../obj/util.o
                0x000132c0                fetchESP
                0x000132c3                fetchEBP
                0x000132c6                fetchSS
                0x000132c9                fetchCS
                0x000132cc                fetchDS
                0x000132cf                panic_assert
                0x00013342                k_memshow
                0x00013377                reboot
                0x000133a6                kitoa
                0x0001348a                ki2hex
                0x000134f1                float2string
 .text          0x00013640      0x500 ../obj/atapi.o
                0x00013796                atapi_read_sector
                0x000138e9                atapi_read_sectors
                0x00013933                check_atapi
                0x00013a33                cd_test_iso9660
 .text          0x00013b40      0x700 ../obj/ahci.o
                0x00013b40                ahci_find_controller()
                0x00013c41                ahci_probe_ports
                0x00013d2e                sata_read_sectors
                0x00014045                sata_test_iso9660()
                0x00014136                ahci_init
                0x00014198                check_ahci
 .text          0x00014240      0x5a0 ../obj/ps2_mouse.o
                0x0001426e                cursor_overlay_move(int, int)
                0x00014598                cursor_update(int, int)
                0x000145b5                mouse_install
                0x000146f3                mouse_poll
 .text          0x000147e0      0x318 ../obj/shell_loader.o
                0x000147e0                ps2_polling_enable()
                0x000147ef                enter_shell
 .text          0x00014af8      0x6f8 ../obj/shell.o
                0x00014af8                shell_main
 *fill*         0x000151f0       0x10 
 .text          0x00015200       0xc0 ../obj/int86.o
                0x00015200                int86
 .text          0x000152c0      0x200 ../obj/pe.o
                0x000152c0                pe_load_image
 .text          0x000154c0      0xec0 ../obj/wm.o
                0x00015628                wm_push_event
                0x00015671                wm_create_window
                0x00015837                wm_destroy_window
                0x0001588a                wm_tick
                0x00016160                wm_init
                0x00016215                wm_set_cursor
                0x00016276                wm_on_mouse
                0x00016328                wm_on_key
 .text          0x00016380      0x380 ../obj/kheap.o
                0x000163a6                detect_memory()
                0x000163f8                kmemcpy
                0x00016425                kmemset
                0x0001644e                kmemsetw
                0x00016471                kstrlen
                0x00016490                kstrncmp
                0x000164de                kstrcmp
                0x00016510                kstrcat
                0x0001654d                kheap_init
                0x0001656c                kmalloc
                0x000165ba                kfree
                0x00016609                krealloc
                0x00016682                malloc
                0x00016695                free
                0x000166ac                calloc
                0x000166df                realloc

.rodata         0x00016700      0xe00
                0x00016700                        __rodata_start = .
 *(.rodata)
 .rodata        0x00016700      0x12e ../obj/int86_blob.o
                0x00016700                _int86_blob_start
                0x0001682e                _int86_blob_end
 *(.rdata)
 *fill*         0x0001682e        0x2 
 .rdata         0x00016830       0x40 ../obj/ckernel.o
 .rdata         0x00016870        0x4 ../obj/math.o
 .rdata         0x00016874       0x1c ../obj/usermodec.o
 .rdata         0x00016890       0x44 ../obj/iso9660.o
 .rdata         0x000168d4       0x84 ../obj/video.o
 .rdata         0x00016958       0xb0 ../obj/vga.o
 .rdata         0x00016a08      0x164 ../obj/bitmap.o
 .rdata         0x00016b6c       0x44 ../obj/util.o
 .rdata         0x00016bb0      0x368 ../obj/atapi.o
 .rdata         0x00016f18      0x304 ../obj/ahci.o
 *fill*         0x0001721c        0x4 
 .rdata         0x00017220       0xe0 ../obj/ps2_mouse.o
 .rdata         0x00017300       0x40 ../obj/shell_loader.o
 .rdata         0x00017340       0x10 ../obj/shell.o
 .rdata         0x00017350       0x2c ../obj/pe.o
 .rdata         0x0001737c       0x20 ../obj/wm.o

.rdata          0x00018000      0x600
 .rdata$zzz     0x00018000       0x2c ../obj/ckernel.o
 .rdata$zzz     0x0001802c       0x2c ../obj/paging.o
 .rdata$zzz     0x00018058       0x2c ../obj/idt.o
 .rdata$zzz     0x00018084       0x2c ../obj/irqc.o
 .rdata$zzz     0x000180b0       0x2c ../obj/isrc.o
 .rdata$zzz     0x000180dc       0x2c ../obj/gdt.o
 .rdata$zzz     0x00018108       0x2c ../obj/syscall.o
 .rdata$zzz     0x00018134       0x2c ../obj/timer.o
 .rdata$zzz     0x00018160       0x2c ../obj/math.o
 .rdata$zzz     0x0001818c       0x2c ../obj/usermodec.o
 .rdata$zzz     0x000181b8       0x2c ../obj/task.o
 .rdata$zzz     0x000181e4       0x2c ../obj/iso9660.o
 .rdata$zzz     0x00018210       0x2c ../obj/video.o
 .rdata$zzz     0x0001823c       0x2c ../obj/vga.o
 .rdata$zzz     0x00018268       0x2c ../obj/bitmap.o
 .rdata$zzz     0x00018294       0x2c ../obj/util.o
 .rdata$zzz     0x000182c0       0x2c ../obj/atapi.o
 .rdata$zzz     0x000182ec       0x2c ../obj/ahci.o
 .rdata$zzz     0x00018318       0x2c ../obj/ps2_mouse.o
 .rdata$zzz     0x00018344       0x2c ../obj/shell_loader.o
 .rdata$zzz     0x00018370       0x2c ../obj/shell.o
 .rdata$zzz     0x0001839c       0x2c ../obj/int86.o
 .rdata$zzz     0x000183c8       0x2c ../obj/pe.o
 .rdata$zzz     0x000183f4       0x2c ../obj/wm.o
 .rdata$zzz     0x00018420       0x2c ../obj/kheap.o

.eh_frame       0x00019000     0x1600
 .eh_frame      0x00019000       0x2c ../obj/ckernel.o
 .eh_frame      0x0001902c      0x124 ../obj/paging.o
 .eh_frame      0x00019150       0x58 ../obj/idt.o
 .eh_frame      0x000191a8       0x60 ../obj/irqc.o
 .eh_frame      0x00019208       0x44 ../obj/isrc.o
 .eh_frame      0x0001924c       0x48 ../obj/gdt.o
 .eh_frame      0x00019294       0x54 ../obj/syscall.o
 .eh_frame      0x000192e8       0x2c ../obj/timer.o
 .eh_frame      0x00019314       0x5c ../obj/math.o
 .eh_frame      0x00019370       0x30 ../obj/usermodec.o
 .eh_frame      0x000193a0       0xb8 ../obj/task.o
 .eh_frame      0x00019458      0x148 ../obj/iso9660.o
 .eh_frame      0x000195a0      0x1b4 ../obj/video.o
 .eh_frame      0x00019754      0x338 ../obj/vga.o
 .eh_frame      0x00019a8c      0x134 ../obj/bitmap.o
 .eh_frame      0x00019bc0      0x19c ../obj/util.o
 .eh_frame      0x00019d5c      0x154 ../obj/atapi.o
 .eh_frame      0x00019eb0      0x158 ../obj/ahci.o
 .eh_frame      0x0001a008       0xd4 ../obj/ps2_mouse.o
 .eh_frame      0x0001a0dc       0x48 ../obj/shell_loader.o
 .eh_frame      0x0001a124       0x58 ../obj/shell.o
 .eh_frame      0x0001a17c       0x44 ../obj/int86.o
 .eh_frame      0x0001a1c0       0x58 ../obj/pe.o
 .eh_frame      0x0001a218      0x1dc ../obj/wm.o
 .eh_frame      0x0001a3f4      0x1f4 ../obj/kheap.o

.data           0x0001a600      0xc00
                0x0001a600                        __data_start = .
 *(.data)
 .data          0x0001a600        0x4 ../obj/ckernel.o
                0x0001a600                kernel_stack_top
 .data          0x0001a604        0x4 ../obj/paging.o
 .data          0x0001a608        0x0 ../obj/idt.o
 .data          0x0001a608        0x0 ../obj/irqc.o
 .data          0x0001a608        0x0 ../obj/isrc.o
 .data          0x0001a608        0x0 ../obj/gdt.o
 .data          0x0001a608        0x4 ../obj/syscall.o
 .data          0x0001a60c        0x0 ../obj/timer.o
 .data          0x0001a60c        0x0 ../obj/math.o
 .data          0x0001a60c        0x4 ../obj/usermodec.o
                0x0001a60c                user_stack_top
 .data          0x0001a610        0x0 ../obj/task.o
 .data          0x0001a610        0x4 ../obj/iso9660.o
 .data          0x0001a614        0x8 ../obj/video.o
                0x0001a614                tui_vidmem
                0x0001a618                attrib
 *fill*         0x0001a61c        0x4 
 .data          0x0001a620      0x420 ../obj/vga.o
                0x0001a640                font8x8
 .data          0x0001aa40        0x0 ../obj/bitmap.o
 .data          0x0001aa40        0x4 ../obj/util.o
                0x0001aa40                INT_MAX
 .data          0x0001aa44        0x8 ../obj/atapi.o
 .data          0x0001aa4c        0x0 ../obj/ahci.o
 *fill*         0x0001aa4c       0x14 
 .data          0x0001aa60      0x620 ../obj/ps2_mouse.o
 .data          0x0001b080        0x0 ../obj/shell_loader.o
 .data          0x0001b080        0x0 ../obj/shell.o
 .data          0x0001b080        0x0 ../obj/int86.o
 .data          0x0001b080        0x0 ../obj/pe.o
 .data          0x0001b080       0x14 ../obj/wm.o
 .data          0x0001b094        0x0 ../obj/kheap.o

.bss            0x0001c000   0x7ed4b0
                0x0001c000                        __bss_start = .
 *(.bss)
 .bss           0x0001c000        0x0 ../obj/ckernel.o
 .bss           0x0001c000   0x402000 ../obj/paging.o
 .bss           0x0041e000      0x820 ../obj/idt.o
 .bss           0x0041e820        0x0 ../obj/irqc.o
 .bss           0x0041e820        0x0 ../obj/isrc.o
 .bss           0x0041e820       0xc0 ../obj/gdt.o
                0x0041e820                tss_entry
                0x0041e87c                gp
                0x0041e8a0                gdt
 .bss           0x0041e8e0        0x0 ../obj/syscall.o
 .bss           0x0041e8e0        0x4 ../obj/timer.o
 .bss           0x0041e8e4        0x0 ../obj/math.o
 *fill*         0x0041e8e4       0x1c 
 .bss           0x0041e900     0x1000 ../obj/usermodec.o
                0x0041e900                user_stack
 .bss           0x0041f900       0x10 ../obj/task.o
 .bss           0x0041f910       0x10 ../obj/iso9660.o
 .bss           0x0041f920        0x4 ../obj/video.o
                0x0041f920                saved_csr_y
                0x0041f921                saved_csr_x
                0x0041f922                csr_y
                0x0041f923                csr_x
 .bss           0x0041f924        0xc ../obj/vga.o
                0x0041f924                lfb_bpp
                0x0041f926                lfb_yres
                0x0041f928                lfb_xres
                0x0041f92a                lfb_pitch
                0x0041f92c                lfb_base
 .bss           0x0041f930        0x0 ../obj/bitmap.o
 .bss           0x0041f930        0x0 ../obj/util.o
 .bss           0x0041f930        0xc ../obj/atapi.o
 *fill*         0x0041f93c      0x2c4 
 .bss           0x0041fc00      0x800 ../obj/ahci.o
 .bss           0x00420400       0x18 ../obj/ps2_mouse.o
                0x00420400                seen_aux
                0x00420404                seen_out
                0x00420408                mouse_y
                0x0042040a                mouse_x
                0x0042040c                mouse_byte
                0x0042040f                mouse_cycle
 .bss           0x00420418        0x0 ../obj/shell_loader.o
 .bss           0x00420418        0x0 ../obj/shell.o
 .bss           0x00420418        0x0 ../obj/int86.o
 .bss           0x00420418        0x0 ../obj/pe.o
 *fill*         0x00420418        0x8 
 .bss           0x00420420   0x3e9080 ../obj/wm.o
 .bss           0x008094a0       0x10 ../obj/kheap.o
                0x008094a0                max_mem
                0x008094a4                mem_map_length
                0x008094a8                mem_map
 *(COMMON)
                0x008094b0                        __bss_end = .
                0x008094b0                        ___end = .

/DISCARD/
 *(.reloc)
LOAD ../obj/ckernel.o
LOAD ../obj/paging.o
LOAD ../obj/flush.o
LOAD ../obj/idt.o
LOAD ../obj/isr.o
LOAD ../obj/irqc.o
LOAD ../obj/irq.o
LOAD ../obj/isrc.o
LOAD ../obj/gdt.o
LOAD ../obj/syscall.o
LOAD ../obj/timer.o
LOAD ../obj/math.o
LOAD ../obj/usermode.o
LOAD ../obj/usermodec.o
LOAD ../obj/task.o
LOAD ../obj/iso9660.o
LOAD ../obj/video.o
LOAD ../obj/vga.o
LOAD ../obj/bitmap.o
LOAD ../obj/util.o
LOAD ../obj/atapi.o
LOAD ../obj/ahci.o
LOAD ../obj/ps2_mouse.o
LOAD ../obj/shell_loader.o
LOAD ../obj/shell.o
LOAD ../obj/int86_blob.o
LOAD ../obj/int86.o
LOAD ../obj/pe.o
LOAD ../obj/wm.o
LOAD ../obj/kheap.o
OUTPUT(../obj/kernel.o pei-i386)
LOAD dll stuff
