
There are no discarded input sections

Memory Configuration

Name             Origin             Length             Attributes
*default*        0x00000000         0xffffffff

Linker script and memory map

                0x00400000                        __image_base__ = 0x400000
                0x00000000                        __dll__ = 0x0
                0x00400000                        ___ImageBase = 0x400000
                0x00001000                        __section_alignment__ = 0x1000
                0x00000200                        __file_alignment__ = 0x200
                0x00000004                        __major_os_version__ = 0x4
                0x00000000                        __minor_os_version__ = 0x0
                0x00000001                        __major_image_version__ = 0x1
                0x00000000                        __minor_image_version__ = 0x0
                0x00000004                        __major_subsystem_version__ = 0x4
                0x00000000                        __minor_subsystem_version__ = 0x0
                0x00000003                        __subsystem__ = 0x3
                0x00200000                        __size_of_stack_reserve__ = 0x200000
                0x00001000                        __size_of_stack_commit__ = 0x1000
                0x00100000                        __size_of_heap_reserve__ = 0x100000
                0x00001000                        __size_of_heap_commit__ = 0x1000
                0x00000000                        __loader_flags__ = 0x0
                0x00000140                        __dll_characteristics__ = 0x140
                0x00a00000                        . = 0xa00000

.text           0x00a00000     0x2800
                0x00a00000        0x4 LONG 0xa00004 _shell_main
                0x00a00004                        __code_start = .
 *(.text)
 .text          0x00a00004      0x6f8 ../obj/shell.o
                0x00a00004                shell_main
 *fill*         0x00a006fc        0x4 
 .text          0x00a00700      0x310 ../obj/kheap.o
                0x00a00726                detect_memory()
                0x00a00778                kmemcpy
                0x00a007a5                kmemset
                0x00a007ce                kmemsetw
                0x00a007f1                kstrlen
                0x00a00810                kstrncmp
                0x00a0085e                kstrcmp
                0x00a00890                kstrcat
                0x00a008cd                kheap_init
                0x00a008ec                kmalloc
                0x00a0093a                kfree
                0x00a00989                krealloc
 *fill*         0x00a00a10       0x10 
 .text          0x00a00a20       0xa0 ../obj/math.o
                0x00a00a20                k_power
                0x00a00a4e                k_abs
                0x00a00a5a                k_sqrt
 .text          0x00a00ac0      0x380 ../obj/paging.o
                0x00a00ac0                map_range_identity
                0x00a00b8a                page_allocator_add_page
                0x00a00baf                page_init
                0x00a00bb0                page_alloc
                0x00a00bff                page_free
                0x00a00c2a                mmio_map
                0x00a00d4e                paging_init
 .text          0x00a00e40      0x5a0 ../obj/ps2_mouse.o
                0x00a00e6e                cursor_overlay_move(int, int)
                0x00a01198                cursor_update(int, int)
                0x00a011b5                mouse_install
                0x00a012f3                mouse_poll
 .text          0x00a013e0      0xae0 ../obj/vga.o
                0x00a013e0                gfx_init
                0x00a01490                gfx_clear(unsigned short)
                0x00a01503                gfx_rgbColor(unsigned char, unsigned char, unsigned char)
                0x00a0152c                gfx_hLine(int, int, int, unsigned short)
                0x00a015ad                gfx_getPixel(int, int)
                0x00a015e9                gfx_putPixel(int, int, unsigned short)
                0x00a01625                gfx_putPixel(int, int, int, unsigned short)
                0x00a01718                gfx_drawLine(int, int, int, int, int, unsigned short)
                0x00a01864                gfx_drawCircle(int, int, int, unsigned short)
                0x00a019a8                gfx_drawCircle(int, int, int, int, unsigned short)
                0x00a01a01                gfx_drawCircleFill(int, int, int, unsigned short)
                0x00a01af2                gfx_rectFill(int, int, int, int, unsigned short)
                0x00a01bae                gfx_rectFrame(int, int, int, int, int, unsigned short)
                0x00a01c4c                gfx_drawChar(int, int, unsigned char, unsigned short, unsigned short)
                0x00a01cd8                gfx_putChar(char)
                0x00a01d54                gfx_print(char const*)
                0x00a01d7d                gfx_printf(char*, ...)
 .text          0x00a01ec0      0x488 ../obj/video.o
                0x00a01ec0                settextcolor
                0x00a01ed8                move_cursor_right
                0x00a01efa                move_cursor_left
                0x00a01f2d                update_cursor
                0x00a01f6e                k_clear_screen
                0x00a01fb1                move_cursor_home
                0x00a01fbe                move_cursor_end
                0x00a01fcb                set_cursor
                0x00a01fe3                scroll
                0x00a0205a                putch
                0x00a0217e                puts
                0x00a021a7                kprintf
                0x00a021ea                printformat
                0x00a02311                save_cursor
                0x00a0232c                restore_cursor
 *fill*         0x00a02348       0x38 
 .text          0x00a02380      0x380 ../obj/util.o
                0x00a02380                fetchESP
                0x00a02383                fetchEBP
                0x00a02386                fetchSS
                0x00a02389                fetchCS
                0x00a0238c                fetchDS
                0x00a0238f                panic_assert
                0x00a02402                k_memshow
                0x00a02437                reboot
                0x00a02466                kitoa
                0x00a0254a                ki2hex
                0x00a025b1                float2string

.rdata          0x00a03000      0x400
 .rdata         0x00a03000       0x10 ../obj/shell.o
 .rdata         0x00a03010        0x4 ../obj/math.o
 *fill*         0x00a03014        0xc 
 .rdata         0x00a03020       0xe0 ../obj/ps2_mouse.o
 .rdata         0x00a03100       0xb0 ../obj/vga.o
 .rdata         0x00a031b0       0x84 ../obj/video.o
 .rdata         0x00a03234       0x44 ../obj/util.o
 .rdata$zzz     0x00a03278       0x2c ../obj/shell.o
 .rdata$zzz     0x00a032a4       0x2c ../obj/kheap.o
 .rdata$zzz     0x00a032d0       0x2c ../obj/math.o
 .rdata$zzz     0x00a032fc       0x2c ../obj/paging.o
 .rdata$zzz     0x00a03328       0x2c ../obj/ps2_mouse.o
 .rdata$zzz     0x00a03354       0x2c ../obj/vga.o
 .rdata$zzz     0x00a03380       0x2c ../obj/video.o
 .rdata$zzz     0x00a033ac       0x2c ../obj/util.o

.eh_frame       0x00a04000      0xc00
 .eh_frame      0x00a04000       0x58 ../obj/shell.o
 .eh_frame      0x00a04058      0x18c ../obj/kheap.o
 .eh_frame      0x00a041e4       0x5c ../obj/math.o
 .eh_frame      0x00a04240      0x124 ../obj/paging.o
 .eh_frame      0x00a04364       0xd4 ../obj/ps2_mouse.o
 .eh_frame      0x00a04438      0x338 ../obj/vga.o
 .eh_frame      0x00a04770      0x1b4 ../obj/video.o
 .eh_frame      0x00a04924      0x19c ../obj/util.o

.rodata
 *(.rodata*)

.data           0x00a04ac0      0xc00
 *(.data*)
 .data          0x00a04ac0        0x0 ../obj/shell.o
 .data          0x00a04ac0        0x0 ../obj/kheap.o
 .data          0x00a04ac0        0x0 ../obj/math.o
 .data          0x00a04ac0        0x4 ../obj/paging.o
 *fill*         0x00a04ac4       0x1c 
 .data          0x00a04ae0      0x620 ../obj/ps2_mouse.o
 .data          0x00a05100      0x420 ../obj/vga.o
                0x00a05120                font8x8
 .data          0x00a05520        0x8 ../obj/video.o
                0x00a05520                tui_vidmem
                0x00a05524                attrib
 .data          0x00a05528        0x4 ../obj/util.o
                0x00a05528                INT_MAX

.reloc          0x00a06000      0x400
 .reloc         0x00a06000      0x234 dll stuff

.bss            0x00a07000   0x403028
 *(.bss*)
 .bss           0x00a07000        0x0 ../obj/shell.o
 .bss           0x00a07000       0x10 ../obj/kheap.o
                0x00a07000                max_mem
                0x00a07004                mem_map_length
                0x00a07008                mem_map
 .bss           0x00a07010        0x0 ../obj/math.o
 *fill*         0x00a07010      0xff0 
 .bss           0x00a08000   0x402000 ../obj/paging.o
 .bss           0x00e0a000       0x18 ../obj/ps2_mouse.o
                0x00e0a000                seen_aux
                0x00e0a004                seen_out
                0x00e0a008                mouse_y
                0x00e0a00a                mouse_x
                0x00e0a00c                mouse_byte
                0x00e0a00f                mouse_cycle
 .bss           0x00e0a018        0xc ../obj/vga.o
                0x00e0a018                lfb_bpp
                0x00e0a01a                lfb_yres
                0x00e0a01c                lfb_xres
                0x00e0a01e                lfb_pitch
                0x00e0a020                lfb_base
 .bss           0x00e0a024        0x4 ../obj/video.o
                0x00e0a024                saved_csr_y
                0x00e0a025                saved_csr_x
                0x00e0a026                csr_y
                0x00e0a027                csr_x
 .bss           0x00e0a028        0x0 ../obj/util.o
 *(COMMON)
                0x00e0a028                        ___end = .
LOAD ../obj/shell.o
LOAD ../obj/kheap.o
LOAD ../obj/math.o
LOAD ../obj/paging.o
LOAD ../obj/ps2_mouse.o
LOAD ../obj/vga.o
LOAD ../obj/video.o
LOAD ../obj/util.o
OUTPUT(../obj/shell.bin pei-i386)
LOAD dll stuff
