
There are no discarded input sections

Memory Configuration

Name             Origin             Length             Attributes
*default*        0x00000000         0xffffffff

Linker script and memory map

                0x00400000                        __image_base__ = 0x400000
                0x00000000                        __dll__ = 0x0
                0x00400000                        ___ImageBase = 0x400000
                0x00001000                        __section_alignment__ = 0x1000
                0x00000200                        __file_alignment__ = 0x200
                0x00000004                        __major_os_version__ = 0x4
                0x00000000                        __minor_os_version__ = 0x0
                0x00000001                        __major_image_version__ = 0x1
                0x00000000                        __minor_image_version__ = 0x0
                0x00000004                        __major_subsystem_version__ = 0x4
                0x00000000                        __minor_subsystem_version__ = 0x0
                0x00000003                        __subsystem__ = 0x3
                0x00200000                        __size_of_stack_reserve__ = 0x200000
                0x00001000                        __size_of_stack_commit__ = 0x1000
                0x00100000                        __size_of_heap_reserve__ = 0x100000
                0x00001000                        __size_of_heap_commit__ = 0x1000
                0x00000000                        __loader_flags__ = 0x0
                0x00000140                        __dll_characteristics__ = 0x140
                0x00a00000                        . = 0xa00000

.text           0x00a00000     0x2200
                0x00a00000        0x4 LONG 0xa00004 _shell_main
                0x00a00004                        __code_start = .
 *(.text)
 .text          0x00a00004      0x6ec ../obj/shell.o
                0x00a00004                shell_main
 .text          0x00a006f0      0x310 ../obj/kheap.o
                0x00a00716                detect_memory
                0x00a00768                kmemcpy
                0x00a00795                kmemset
                0x00a007be                kmemsetw
                0x00a007e1                kstrlen
                0x00a00800                kstrncmp
                0x00a0084e                kstrcmp
                0x00a00880                kstrcat
                0x00a008bd                kheap_init
                0x00a008dc                kmalloc
                0x00a0092a                kfree
                0x00a00979                krealloc
 .text          0x00a00a00       0xa0 ../obj/math.o
                0x00a00a00                k_power
                0x00a00a2e                k_abs
                0x00a00a3a                k_sqrt
 *fill*         0x00a00aa0       0x20 
 .text          0x00a00ac0      0x200 ../obj/paging.o
                0x00a00ac0                page_allocator_add_page
                0x00a00ae5                page_init
                0x00a00ae6                page_alloc
                0x00a00b36                page_free
                0x00a00b60                mmio_map
                0x00a00c4b                paging_init
 .text          0x00a00cc0      0x3bc ../obj/ps2_mouse.o
                0x00a00d06                cursor_update(int, int)
                0x00a00d1a                mouse_loop()
                0x00a00d98                mouse_write(unsigned char)
                0x00a00e20                mouse_poll
                0x00a00f80                mouse_install
 *fill*         0x00a0107c        0x4 
 .text          0x00a01080      0x880 ../obj/vga.o
                0x00a01080                gfx_init
                0x00a01130                gfx_clear(unsigned short)
                0x00a011a3                gfx_rgbColor(unsigned char, unsigned char, unsigned char)
                0x00a011cc                gfx_hLine(int, int, int, unsigned short)
                0x00a0124d                gfx_getPixel(int, int)
                0x00a01289                gfx_putPixel(int, int, unsigned short)
                0x00a012c5                gfx_putPixel(int, int, int, unsigned short)
                0x00a013b8                gfx_drawLine(int, int, int, int, int, unsigned short)
                0x00a01504                gfx_drawCircle(int, int, int, unsigned short)
                0x00a01648                gfx_drawCircle(int, int, int, int, unsigned short)
                0x00a016a1                gfx_drawCircleFill(int, int, int, unsigned short)
                0x00a01792                gfx_rectFill(int, int, int, int, unsigned short)
                0x00a0184e                gfx_rectFrame(int, int, int, int, int, unsigned short)
 .text          0x00a01900      0x488 ../obj/video.o
                0x00a01900                settextcolor
                0x00a01918                move_cursor_right
                0x00a0193a                move_cursor_left
                0x00a0196d                update_cursor
                0x00a019ae                k_clear_screen
                0x00a019f1                move_cursor_home
                0x00a019fe                move_cursor_end
                0x00a01a0b                set_cursor
                0x00a01a23                scroll
                0x00a01a9a                putch
                0x00a01bbe                puts
                0x00a01be7                kprintf
                0x00a01c2a                printformat
                0x00a01d51                save_cursor
                0x00a01d6c                restore_cursor
 *fill*         0x00a01d88       0x38 
 .text          0x00a01dc0      0x380 ../obj/util.o
                0x00a01dc0                fetchESP
                0x00a01dc3                fetchEBP
                0x00a01dc6                fetchSS
                0x00a01dc9                fetchCS
                0x00a01dcc                fetchDS
                0x00a01dcf                panic_assert
                0x00a01e42                k_memshow
                0x00a01e77                reboot
                0x00a01ea6                kitoa
                0x00a01f8a                ki2hex
                0x00a01ff1                float2string

.rdata          0x00a03000      0x400
 .rdata         0x00a03000        0x4 ../obj/math.o
 .rdata         0x00a03004       0x2c ../obj/vga.o
 .rdata         0x00a03030       0x84 ../obj/video.o
 .rdata         0x00a030b4       0x44 ../obj/util.o
 .rdata$zzz     0x00a030f8       0x2c ../obj/shell.o
 .rdata$zzz     0x00a03124       0x2c ../obj/kheap.o
 .rdata$zzz     0x00a03150       0x2c ../obj/math.o
 .rdata$zzz     0x00a0317c       0x2c ../obj/paging.o
 .rdata$zzz     0x00a031a8       0x2c ../obj/ps2_mouse.o
 .rdata$zzz     0x00a031d4       0x2c ../obj/vga.o
 .rdata$zzz     0x00a03200       0x2c ../obj/video.o
 .rdata$zzz     0x00a0322c       0x2c ../obj/util.o

.eh_frame       0x00a04000      0xa00
 .eh_frame      0x00a04000       0x58 ../obj/shell.o
 .eh_frame      0x00a04058      0x18c ../obj/kheap.o
 .eh_frame      0x00a041e4       0x5c ../obj/math.o
 .eh_frame      0x00a04240       0xc4 ../obj/paging.o
 .eh_frame      0x00a04304      0x110 ../obj/ps2_mouse.o
 .eh_frame      0x00a04414      0x270 ../obj/vga.o
 .eh_frame      0x00a04684      0x1b4 ../obj/video.o
 .eh_frame      0x00a04838      0x19c ../obj/util.o

.rodata
 *(.rodata*)

.data           0x00a049d4      0x200
 *(.data*)
 .data          0x00a049d4        0x0 ../obj/shell.o
 .data          0x00a049d4        0x0 ../obj/kheap.o
 .data          0x00a049d4        0x0 ../obj/math.o
 .data          0x00a049d4        0x4 ../obj/paging.o
 .data          0x00a049d8        0x8 ../obj/ps2_mouse.o
 .data          0x00a049e0        0x0 ../obj/vga.o
 .data          0x00a049e0        0x8 ../obj/video.o
                0x00a049e0                tui_vidmem
                0x00a049e4                attrib
 .data          0x00a049e8        0x4 ../obj/util.o
                0x00a049e8                INT_MAX

.reloc          0x00a05000      0x200
 .reloc         0x00a05000      0x1a8 dll stuff

.bss            0x00a06000     0x3018
 *(.bss*)
 .bss           0x00a06000        0x0 ../obj/shell.o
 .bss           0x00a06000       0x10 ../obj/kheap.o
                0x00a06000                max_mem
                0x00a06004                mem_map_length
                0x00a06008                mem_map
 .bss           0x00a06010        0x0 ../obj/math.o
 *fill*         0x00a06010      0xff0 
 .bss           0x00a07000     0x2000 ../obj/paging.o
 .bss           0x00a09000        0x8 ../obj/ps2_mouse.o
                0x00a09000                mouse_y
                0x00a09002                mouse_x
                0x00a09004                mouse_byte
                0x00a09007                mouse_cycle
 .bss           0x00a09008        0xc ../obj/vga.o
                0x00a09008                lfb_bpp
                0x00a0900a                lfb_yres
                0x00a0900c                lfb_xres
                0x00a0900e                lfb_pitch
                0x00a09010                lfb_base
 .bss           0x00a09014        0x4 ../obj/video.o
                0x00a09014                saved_csr_y
                0x00a09015                saved_csr_x
                0x00a09016                csr_y
                0x00a09017                csr_x
 .bss           0x00a09018        0x0 ../obj/util.o
 *(COMMON)
                0x00a09018                        ___end = .
LOAD ../obj/shell.o
LOAD ../obj/kheap.o
LOAD ../obj/math.o
LOAD ../obj/paging.o
LOAD ../obj/ps2_mouse.o
LOAD ../obj/vga.o
LOAD ../obj/video.o
LOAD ../obj/util.o
OUTPUT(../obj/shell.bin pei-i386)
LOAD dll stuff
