
There are no discarded input sections

Memory Configuration

Name             Origin             Length             Attributes
*default*        0x00000000         0xffffffff

Linker script and memory map

                0x00400000                        __image_base__ = 0x400000
                0x00000000                        __dll__ = 0x0
                0x00400000                        ___ImageBase = 0x400000
                0x00001000                        __section_alignment__ = 0x1000
                0x00000200                        __file_alignment__ = 0x200
                0x00000004                        __major_os_version__ = 0x4
                0x00000000                        __minor_os_version__ = 0x0
                0x00000001                        __major_image_version__ = 0x1
                0x00000000                        __minor_image_version__ = 0x0
                0x00000004                        __major_subsystem_version__ = 0x4
                0x00000000                        __minor_subsystem_version__ = 0x0
                0x00000003                        __subsystem__ = 0x3
                0x00200000                        __size_of_stack_reserve__ = 0x200000
                0x00001000                        __size_of_stack_commit__ = 0x1000
                0x00100000                        __size_of_heap_reserve__ = 0x100000
                0x00001000                        __size_of_heap_commit__ = 0x1000
                0x00000000                        __loader_flags__ = 0x0
                0x00000140                        __dll_characteristics__ = 0x140
                0x00a00000                        . = 0xa00000

.text           0x00a00000     0x2800
                0x00a00000        0x4 LONG 0xa00004 _shell_main
                0x00a00004                        __code_start = .
 *(.text)
 .text          0x00a00004      0x6f8 ../obj/shell.o
                0x00a00004                shell_main
 *fill*         0x00a006fc        0x4 
 .text          0x00a00700      0x380 ../obj/kheap.o
                0x00a00726                detect_memory()
                0x00a00778                kmemcpy
                0x00a007a5                kmemset
                0x00a007ce                kmemsetw
                0x00a007f1                kstrlen
                0x00a00810                kstrncmp
                0x00a0085e                kstrcmp
                0x00a00890                kstrcat
                0x00a008cd                kheap_init
                0x00a008ec                kmalloc
                0x00a0093a                kfree
                0x00a00989                krealloc
                0x00a00a02                malloc
                0x00a00a15                free
                0x00a00a2c                calloc
                0x00a00a5f                realloc
 .text          0x00a00a80       0xa0 ../obj/math.o
                0x00a00a80                k_power
                0x00a00aae                k_abs
                0x00a00aba                k_sqrt
 *fill*         0x00a00b20       0x20 
 .text          0x00a00b40      0x380 ../obj/paging.o
                0x00a00b40                map_range_identity
                0x00a00c0a                page_allocator_add_page
                0x00a00c2f                page_init
                0x00a00c30                page_alloc
                0x00a00c7f                page_free
                0x00a00caa                mmio_map
                0x00a00dce                paging_init
 .text          0x00a00ec0      0x620 ../obj/ps2_mouse.o
                0x00a00eee                cursor_overlay_move(int, int)
                0x00a01218                cursor_update(int, int)
                0x00a01235                mouse_install
                0x00a01373                mouse_poll
 .text          0x00a014e0      0xae0 ../obj/vga.o
                0x00a014e0                gfx_init
                0x00a01590                gfx_clear(unsigned short)
                0x00a01603                gfx_rgbColor(unsigned char, unsigned char, unsigned char)
                0x00a0162c                gfx_hLine(int, int, int, unsigned short)
                0x00a016ad                gfx_getPixel(int, int)
                0x00a016e9                gfx_putPixel(int, int, unsigned short)
                0x00a01725                gfx_putPixel(int, int, int, unsigned short)
                0x00a01818                gfx_drawLine(int, int, int, int, int, unsigned short)
                0x00a01964                gfx_drawCircle(int, int, int, unsigned short)
                0x00a01aa8                gfx_drawCircle(int, int, int, int, unsigned short)
                0x00a01b01                gfx_drawCircleFill(int, int, int, unsigned short)
                0x00a01bf2                gfx_rectFill(int, int, int, int, unsigned short)
                0x00a01cae                gfx_rectFrame(int, int, int, int, int, unsigned short)
                0x00a01d4c                gfx_drawChar(int, int, unsigned char, unsigned short, unsigned short)
                0x00a01dd8                gfx_putChar(char)
                0x00a01e54                gfx_print(char const*)
                0x00a01e7d                gfx_printf(char*, ...)
 .text          0x00a01fc0      0x488 ../obj/video.o
                0x00a01fc0                settextcolor
                0x00a01fd8                move_cursor_right
                0x00a01ffa                move_cursor_left
                0x00a0202d                update_cursor
                0x00a0206e                k_clear_screen
                0x00a020b1                move_cursor_home
                0x00a020be                move_cursor_end
                0x00a020cb                set_cursor
                0x00a020e3                scroll
                0x00a0215a                putch
                0x00a0227e                puts
                0x00a022a7                kprintf
                0x00a022ea                printformat
                0x00a02411                save_cursor
                0x00a0242c                restore_cursor
 *fill*         0x00a02448       0x38 
 .text          0x00a02480      0x380 ../obj/util.o
                0x00a02480                fetchESP
                0x00a02483                fetchEBP
                0x00a02486                fetchSS
                0x00a02489                fetchCS
                0x00a0248c                fetchDS
                0x00a0248f                panic_assert
                0x00a02502                k_memshow
                0x00a02537                reboot
                0x00a02566                kitoa
                0x00a0264a                ki2hex
                0x00a026b1                float2string

.rdata          0x00a03000      0x600
 .rdata         0x00a03000       0x10 ../obj/shell.o
 .rdata         0x00a03010        0x4 ../obj/math.o
 *fill*         0x00a03014        0xc 
 .rdata         0x00a03020      0x120 ../obj/ps2_mouse.o
 .rdata         0x00a03140       0xb0 ../obj/vga.o
 .rdata         0x00a031f0       0x84 ../obj/video.o
 .rdata         0x00a03274       0x44 ../obj/util.o
 .rdata$zzz     0x00a032b8       0x2c ../obj/shell.o
 .rdata$zzz     0x00a032e4       0x2c ../obj/kheap.o
 .rdata$zzz     0x00a03310       0x2c ../obj/math.o
 .rdata$zzz     0x00a0333c       0x2c ../obj/paging.o
 .rdata$zzz     0x00a03368       0x2c ../obj/ps2_mouse.o
 .rdata$zzz     0x00a03394       0x2c ../obj/vga.o
 .rdata$zzz     0x00a033c0       0x2c ../obj/video.o
 .rdata$zzz     0x00a033ec       0x2c ../obj/util.o

.eh_frame       0x00a04000      0xc00
 .eh_frame      0x00a04000       0x58 ../obj/shell.o
 .eh_frame      0x00a04058      0x1f4 ../obj/kheap.o
 .eh_frame      0x00a0424c       0x5c ../obj/math.o
 .eh_frame      0x00a042a8      0x124 ../obj/paging.o
 .eh_frame      0x00a043cc       0xe0 ../obj/ps2_mouse.o
 .eh_frame      0x00a044ac      0x338 ../obj/vga.o
 .eh_frame      0x00a047e4      0x1b4 ../obj/video.o
 .eh_frame      0x00a04998      0x19c ../obj/util.o

.rodata
 *(.rodata*)

.data           0x00a04b40      0xc00
 *(.data*)
 .data          0x00a04b40        0x0 ../obj/shell.o
 .data          0x00a04b40        0x0 ../obj/kheap.o
 .data          0x00a04b40        0x0 ../obj/math.o
 .data          0x00a04b40        0x4 ../obj/paging.o
 *fill*         0x00a04b44       0x1c 
 .data          0x00a04b60      0x620 ../obj/ps2_mouse.o
 .data          0x00a05180      0x420 ../obj/vga.o
                0x00a051a0                font8x8
 .data          0x00a055a0        0x8 ../obj/video.o
                0x00a055a0                tui_vidmem
                0x00a055a4                attrib
 .data          0x00a055a8        0x4 ../obj/util.o
                0x00a055a8                INT_MAX

.reloc          0x00a06000      0x400
 .reloc         0x00a06000      0x244 dll stuff

.bss            0x00a07000   0x40302c
 *(.bss*)
 .bss           0x00a07000        0x0 ../obj/shell.o
 .bss           0x00a07000       0x10 ../obj/kheap.o
                0x00a07000                max_mem
                0x00a07004                mem_map_length
                0x00a07008                mem_map
 .bss           0x00a07010        0x0 ../obj/math.o
 *fill*         0x00a07010      0xff0 
 .bss           0x00a08000   0x402000 ../obj/paging.o
 .bss           0x00e0a000       0x1c ../obj/ps2_mouse.o
                0x00e0a000                seen_aux
                0x00e0a004                seen_out
                0x00e0a008                mouse_y
                0x00e0a00a                mouse_x
                0x00e0a00c                mouse_byte
                0x00e0a00f                mouse_cycle
 .bss           0x00e0a01c        0xc ../obj/vga.o
                0x00e0a01c                lfb_bpp
                0x00e0a01e                lfb_yres
                0x00e0a020                lfb_xres
                0x00e0a022                lfb_pitch
                0x00e0a024                lfb_base
 .bss           0x00e0a028        0x4 ../obj/video.o
                0x00e0a028                saved_csr_y
                0x00e0a029                saved_csr_x
                0x00e0a02a                csr_y
                0x00e0a02b                csr_x
 .bss           0x00e0a02c        0x0 ../obj/util.o
 *(COMMON)
                0x00e0a02c                        ___end = .
LOAD ../obj/shell.o
LOAD ../obj/kheap.o
LOAD ../obj/math.o
LOAD ../obj/paging.o
LOAD ../obj/ps2_mouse.o
LOAD ../obj/vga.o
LOAD ../obj/video.o
LOAD ../obj/util.o
OUTPUT(../obj/shell.bin pei-i386)
LOAD dll stuff
