
There are no discarded input sections

Memory Configuration

Name             Origin             Length             Attributes
*default*        0x00000000         0xffffffff

Linker script and memory map

                0x00400000                        __image_base__ = 0x400000
                0x00000000                        __dll__ = 0x0
                0x00400000                        ___ImageBase = 0x400000
                0x00001000                        __section_alignment__ = 0x1000
                0x00000200                        __file_alignment__ = 0x200
                0x00000004                        __major_os_version__ = 0x4
                0x00000000                        __minor_os_version__ = 0x0
                0x00000001                        __major_image_version__ = 0x1
                0x00000000                        __minor_image_version__ = 0x0
                0x00000004                        __major_subsystem_version__ = 0x4
                0x00000000                        __minor_subsystem_version__ = 0x0
                0x00000003                        __subsystem__ = 0x3
                0x00200000                        __size_of_stack_reserve__ = 0x200000
                0x00001000                        __size_of_stack_commit__ = 0x1000
                0x00100000                        __size_of_heap_reserve__ = 0x100000
                0x00001000                        __size_of_heap_commit__ = 0x1000
                0x00000000                        __loader_flags__ = 0x0
                0x00000140                        __dll_characteristics__ = 0x140
                0x00000000                        . = 0x0

.text           0x00000000      0xe00
 *(.text*)
 .text          0x00000000       0x30 ../obj/shell.o
                0x00000000                shell_main()
 .text          0x00000030      0x2d4 ../obj/kheap.o
                0x00000056                detect_memory
                0x0000009b                kmemcpy
                0x000000c7                kmemset
                0x000000e9                kmemsetw
                0x0000010d                kstrlen
                0x0000012b                kstrncmp
                0x00000179                kstrcmp
                0x000001ab                kstrcat
                0x000001e4                kheap_init
                0x00000203                kmalloc
                0x00000248                kfree
                0x0000028a                krealloc
 .text          0x00000304      0x1c0 ../obj/vga.o
                0x00000304                gfx_init
                0x00000353                gfx_clear
                0x000003af                rgb565
                0x000003d8                gfx_putPixel
                0x00000411                gfx_rectFill
 .text          0x000004c4      0x484 ../obj/video.o
                0x000004c4                settextcolor
                0x000004dc                move_cursor_right
                0x000004fe                move_cursor_left
                0x00000531                update_cursor
                0x00000572                k_clear_screen
                0x000005b5                move_cursor_home
                0x000005c2                move_cursor_end
                0x000005cf                set_cursor
                0x000005e7                scroll
                0x0000065b                putch
                0x0000077e                puts
                0x000007a7                kprintf
                0x000007ea                printformat
                0x00000911                save_cursor
                0x0000092c                restore_cursor
 .text          0x00000948      0x2ec ../obj/util.o
                0x00000948                fetchESP
                0x0000094b                fetchEBP
                0x0000094e                fetchSS
                0x00000951                fetchCS
                0x00000954                fetchDS
                0x00000957                panic_assert
                0x000009c9                k_memshow
                0x000009fe                reboot
                0x00000a2d                kitoa
                0x00000ace                ki2hex
                0x00000b27                float2string
                0x00000c34                        ___end = .
LOAD ../obj/shell.o
LOAD ../obj/kheap.o
LOAD ../obj/vga.o
LOAD ../obj/video.o
LOAD ../obj/util.o
OUTPUT(../obj/shell.bin pei-i386)
LOAD dll stuff

.rdata          0x00001000      0x200
 .rdata         0x00001000        0x8 ../obj/shell.o
 .rdata         0x00001008       0x84 ../obj/video.o
 .rdata         0x0000108c       0x44 ../obj/util.o
 .rdata$zzz     0x000010d0       0x2c ../obj/shell.o
 .rdata$zzz     0x000010fc       0x2c ../obj/kheap.o
 .rdata$zzz     0x00001128       0x2c ../obj/vga.o
 .rdata$zzz     0x00001154       0x2c ../obj/video.o
 .rdata$zzz     0x00001180       0x2c ../obj/util.o

.eh_frame       0x00002000      0x600
 .eh_frame      0x00002000       0x30 ../obj/shell.o
 .eh_frame      0x00002030      0x1b0 ../obj/kheap.o
 .eh_frame      0x000021e0       0xb8 ../obj/vga.o
 .eh_frame      0x00002298      0x1c0 ../obj/video.o
 .eh_frame      0x00002458      0x19c ../obj/util.o

.data           0x00003000      0x200
 .data          0x00003000        0x0 ../obj/shell.o
 .data          0x00003000        0x0 ../obj/kheap.o
 .data          0x00003000        0x0 ../obj/vga.o
 .data          0x00003000        0x8 ../obj/video.o
                0x00003000                tui_vidmem
                0x00003004                attrib
 .data          0x00003008        0x4 ../obj/util.o
                0x00003008                INT_MAX

.reloc          0x00004000      0x200
 .reloc         0x00004000       0x4c dll stuff

.bss            0x00005000       0x24
 .bss           0x00005000        0x0 ../obj/shell.o
 .bss           0x00005000       0x10 ../obj/kheap.o
                0x00005000                max_mem
                0x00005004                mem_map_length
                0x00005008                mem_map
 .bss           0x00005010       0x10 ../obj/vga.o
                0x00005010                lfb_phys
                0x00005014                lfb_bpp
                0x00005016                lfb_yres
                0x00005018                lfb_xres
                0x0000501a                lfb_pitch
                0x0000501c                lfb_base
 .bss           0x00005020        0x4 ../obj/video.o
                0x00005020                saved_csr_y
                0x00005021                saved_csr_x
                0x00005022                csr_y
                0x00005023                csr_x
 .bss           0x00005024        0x0 ../obj/util.o
